Archive member included because of file (symbol)

d:/altera/11.0sp1/nios2eds/bin/gnu/h-i686-mingw32/bin/../lib/gcc/nios2-elf/4.1.2/../../../../nios2-elf/lib\libc.a(lib_a-impure.o)
                              obj/default/drv.o (_impure_ptr)
d:/altera/11.0sp1/nios2eds/bin/gnu/h-i686-mingw32/bin/../lib/gcc/nios2-elf/4.1.2/../../../../nios2-elf/lib\libc.a(lib_a-printf.o)
                              obj/default/chap_9.o (printf)
d:/altera/11.0sp1/nios2eds/bin/gnu/h-i686-mingw32/bin/../lib/gcc/nios2-elf/4.1.2/../../../../nios2-elf/lib\libc.a(lib_a-putc.o)
                              obj/default/drv.o (putc)
d:/altera/11.0sp1/nios2eds/bin/gnu/h-i686-mingw32/bin/../lib/gcc/nios2-elf/4.1.2/../../../../nios2-elf/lib\libc.a(lib_a-putchar.o)
                              obj/default/hal.o (putchar)
d:/altera/11.0sp1/nios2eds/bin/gnu/h-i686-mingw32/bin/../lib/gcc/nios2-elf/4.1.2/../../../../nios2-elf/lib\libc.a(lib_a-puts.o)
                              obj/default/chap_9.o (puts)
d:/altera/11.0sp1/nios2eds/bin/gnu/h-i686-mingw32/bin/../lib/gcc/nios2-elf/4.1.2/../../../../nios2-elf/lib\libc.a(lib_a-strlen.o)
                              d:/altera/11.0sp1/nios2eds/bin/gnu/h-i686-mingw32/bin/../lib/gcc/nios2-elf/4.1.2/../../../../nios2-elf/lib\libc.a(lib_a-puts.o) (strlen)
d:/altera/11.0sp1/nios2eds/bin/gnu/h-i686-mingw32/bin/../lib/gcc/nios2-elf/4.1.2/../../../../nios2-elf/lib\libc.a(lib_a-vfprintf.o)
                              d:/altera/11.0sp1/nios2eds/bin/gnu/h-i686-mingw32/bin/../lib/gcc/nios2-elf/4.1.2/../../../../nios2-elf/lib\libc.a(lib_a-printf.o) (___vfprintf_internal_r)
d:/altera/11.0sp1/nios2eds/bin/gnu/h-i686-mingw32/bin/../lib/gcc/nios2-elf/4.1.2/../../../../nios2-elf/lib\libc.a(lib_a-wbuf.o)
                              d:/altera/11.0sp1/nios2eds/bin/gnu/h-i686-mingw32/bin/../lib/gcc/nios2-elf/4.1.2/../../../../nios2-elf/lib\libc.a(lib_a-putc.o) (__swbuf_r)
d:/altera/11.0sp1/nios2eds/bin/gnu/h-i686-mingw32/bin/../lib/gcc/nios2-elf/4.1.2/../../../../nios2-elf/lib\libc.a(lib_a-wsetup.o)
                              d:/altera/11.0sp1/nios2eds/bin/gnu/h-i686-mingw32/bin/../lib/gcc/nios2-elf/4.1.2/../../../../nios2-elf/lib\libc.a(lib_a-vfprintf.o) (__swsetup_r)
d:/altera/11.0sp1/nios2eds/bin/gnu/h-i686-mingw32/bin/../lib/gcc/nios2-elf/4.1.2/../../../../nios2-elf/lib\libc.a(lib_a-dtoa.o)
                              d:/altera/11.0sp1/nios2eds/bin/gnu/h-i686-mingw32/bin/../lib/gcc/nios2-elf/4.1.2/../../../../nios2-elf/lib\libc.a(lib_a-vfprintf.o) (_dtoa_r)
d:/altera/11.0sp1/nios2eds/bin/gnu/h-i686-mingw32/bin/../lib/gcc/nios2-elf/4.1.2/../../../../nios2-elf/lib\libc.a(lib_a-fflush.o)
                              d:/altera/11.0sp1/nios2eds/bin/gnu/h-i686-mingw32/bin/../lib/gcc/nios2-elf/4.1.2/../../../../nios2-elf/lib\libc.a(lib_a-vfprintf.o) (_fflush_r)
d:/altera/11.0sp1/nios2eds/bin/gnu/h-i686-mingw32/bin/../lib/gcc/nios2-elf/4.1.2/../../../../nios2-elf/lib\libc.a(lib_a-findfp.o)
                              d:/altera/11.0sp1/nios2eds/bin/gnu/h-i686-mingw32/bin/../lib/gcc/nios2-elf/4.1.2/../../../../nios2-elf/lib\libc.a(lib_a-putc.o) (__sinit)
d:/altera/11.0sp1/nios2eds/bin/gnu/h-i686-mingw32/bin/../lib/gcc/nios2-elf/4.1.2/../../../../nios2-elf/lib\libc.a(lib_a-freer.o)
                              d:/altera/11.0sp1/nios2eds/bin/gnu/h-i686-mingw32/bin/../lib/gcc/nios2-elf/4.1.2/../../../../nios2-elf/lib\libc.a(lib_a-wsetup.o) (_free_r)
d:/altera/11.0sp1/nios2eds/bin/gnu/h-i686-mingw32/bin/../lib/gcc/nios2-elf/4.1.2/../../../../nios2-elf/lib\libc.a(lib_a-fvwrite.o)
                              d:/altera/11.0sp1/nios2eds/bin/gnu/h-i686-mingw32/bin/../lib/gcc/nios2-elf/4.1.2/../../../../nios2-elf/lib\libc.a(lib_a-puts.o) (__sfvwrite_r)
d:/altera/11.0sp1/nios2eds/bin/gnu/h-i686-mingw32/bin/../lib/gcc/nios2-elf/4.1.2/../../../../nios2-elf/lib\libc.a(lib_a-fwalk.o)
                              d:/altera/11.0sp1/nios2eds/bin/gnu/h-i686-mingw32/bin/../lib/gcc/nios2-elf/4.1.2/../../../../nios2-elf/lib\libc.a(lib_a-fflush.o) (_fwalk_reent)
d:/altera/11.0sp1/nios2eds/bin/gnu/h-i686-mingw32/bin/../lib/gcc/nios2-elf/4.1.2/../../../../nios2-elf/lib\libc.a(lib_a-locale.o)
                              d:/altera/11.0sp1/nios2eds/bin/gnu/h-i686-mingw32/bin/../lib/gcc/nios2-elf/4.1.2/../../../../nios2-elf/lib\libc.a(lib_a-vfprintf.o) (_localeconv_r)
d:/altera/11.0sp1/nios2eds/bin/gnu/h-i686-mingw32/bin/../lib/gcc/nios2-elf/4.1.2/../../../../nios2-elf/lib\libc.a(lib_a-makebuf.o)
                              d:/altera/11.0sp1/nios2eds/bin/gnu/h-i686-mingw32/bin/../lib/gcc/nios2-elf/4.1.2/../../../../nios2-elf/lib\libc.a(lib_a-wsetup.o) (__smakebuf_r)
d:/altera/11.0sp1/nios2eds/bin/gnu/h-i686-mingw32/bin/../lib/gcc/nios2-elf/4.1.2/../../../../nios2-elf/lib\libc.a(lib_a-mallocr.o)
                              d:/altera/11.0sp1/nios2eds/bin/gnu/h-i686-mingw32/bin/../lib/gcc/nios2-elf/4.1.2/../../../../nios2-elf/lib\libc.a(lib_a-findfp.o) (_malloc_r)
[...]
Memory Configuration

Name             Origin             Length             Attributes
epcs_controller  0x00682000         0x00000800
sram_0           0x00700000         0x00080000
sdram_0_BEFORE_EXCEPTION 0x01000000         0x00000020
sdram_0          0x01000020         0x007fffe0
reset            0x01800000         0x00000020
cfi_flash_0      0x01800020         0x003fffe0
*default*        0x00000000         0xffffffff

Linker script and memory map

LOAD ../isp_bsp//obj/HAL/src/crt0.o
LOAD obj/default/chap_9.o
LOAD obj/default/drv.o
LOAD obj/default/hal.o
LOAD obj/default/isr.o
LOAD obj/default/main.o
LOAD obj/default/usb_irq.o
LOAD d:/altera/11.0sp1/nios2eds/bin/gnu/h-i686-mingw32/bin/../lib/gcc/nios2-elf/4.1.2/../../../../nios2-elf/lib\libstdc++.a
LOAD d:/altera/11.0sp1/nios2eds/bin/gnu/h-i686-mingw32/bin/../lib/gcc/nios2-elf/4.1.2/../../../../nios2-elf/lib\libm.a
LOAD d:/altera/11.0sp1/nios2eds/bin/gnu/h-i686-mingw32/bin/../lib/gcc/nios2-elf/4.1.2\libgcc.a
START GROUP
LOAD d:/altera/11.0sp1/nios2eds/bin/gnu/h-i686-mingw32/bin/../lib/gcc/nios2-elf/4.1.2/../../../../nios2-elf/lib\libc.a
LOAD d:/altera/11.0sp1/nios2eds/bin/gnu/h-i686-mingw32/bin/../lib/gcc/nios2-elf/4.1.2\libgcc.a
LOAD ../isp_bsp/\libhal_bsp.a
END GROUP
LOAD d:/altera/11.0sp1/nios2eds/bin/gnu/h-i686-mingw32/bin/../lib/gcc/nios2-elf/4.1.2\libgcc.a
                0x00682000                __alt_mem_epcs_controller = 0x682000
                0x00700000                __alt_mem_sram_0 = 0x700000
                0x01000000                __alt_mem_sdram_0 = 0x1000000
                0x01800000                __alt_mem_cfi_flash_0 = 0x1800000

.entry          0x01800000        0x0
 *(.entry)
 .entry         0x01800000        0x0 ../isp_bsp//obj/HAL/src/crt0.o
                0x01800000                __reset

.exceptions     0x01000020      0x194
                0x01000020                PROVIDE (__ram_exceptions_start, ABSOLUTE (.))
                0x01000020                . = ALIGN (0x20)
 *(.irq)
 *(.exceptions.entry.label)
 .exceptions.entry.label
                0x01000020        0x0 ../isp_bsp/\libhal_bsp.a(alt_irq_entry.o)
                0x01000020                alt_irq_entry
 .exceptions.entry.label
                0x01000020        0x0 ../isp_bsp/\libhal_bsp.a(alt_exception_entry.o)
                0x01000020                alt_exception
 *(.exceptions.entry.user)
 *(.exceptions.entry)
 .exceptions.entry
                0x01000020       0x54 ../isp_bsp/\libhal_bsp.a(alt_exception_entry.o)
 *(.exceptions.irqtest.user)
 *(.exceptions.irqtest)
 .exceptions.irqtest
                0x01000074       0x10 ../isp_bsp/\libhal_bsp.a(alt_irq_entry.o)
 *(.exceptions.irqhandler.user)
 *(.exceptions.irqhandler)
 .exceptions.irqhandler
                0x01000084        0x4 ../isp_bsp/\libhal_bsp.a(alt_irq_entry.o)
 *(.exceptions.irqreturn.user)
 *(.exceptions.irqreturn)
 .exceptions.irqreturn
                0x01000088        0x4 ../isp_bsp/\libhal_bsp.a(alt_irq_entry.o)
 *(.exceptions.notirq.label)
 .exceptions.notirq.label
                0x0100008c        0x0 ../isp_bsp/\libhal_bsp.a(alt_irq_entry.o)
 *(.exceptions.notirq.user)
 *(.exceptions.notirq)
 .exceptions.notirq
                0x0100008c        0x8 ../isp_bsp/\libhal_bsp.a(alt_exception_entry.o)
 *(.exceptions.soft.user)
 *(.exceptions.soft)
 *(.exceptions.unknown.user)
 *(.exceptions.unknown)
 .exceptions.unknown
                0x01000094        0x4 ../isp_bsp/\libhal_bsp.a(alt_exception_entry.o)
 *(.exceptions.exit.label)
 .exceptions.exit.label
                0x01000098        0x0 ../isp_bsp/\libhal_bsp.a(alt_irq_entry.o)
 .exceptions.exit.label
                0x01000098        0x0 ../isp_bsp/\libhal_bsp.a(alt_exception_entry.o)
 *(.exceptions.exit.user)
 *(.exceptions.exit)
 .exceptions.exit
                0x01000098       0x54 ../isp_bsp/\libhal_bsp.a(alt_exception_entry.o)
 *(.exceptions)
 .exceptions    0x010000ec       0xc8 ../isp_bsp/\libhal_bsp.a(alt_irq_handler.o)
                0x010000ec                alt_irq_handler
                0x010001b4                PROVIDE (__ram_exceptions_end, ABSOLUTE (.))
                0x01000020                PROVIDE (__flash_exceptions_start, LOADADDR (.exceptions))

.text           0x010001b4    0x13a64
                0x010001b4                PROVIDE (stext, ABSOLUTE (.))
 *(.interp)
 *(.hash)
 *(.dynsym)
 *(.dynstr)
 *(.gnu.version)
 *(.gnu.version_d)
 *(.gnu.version_r)
 *(.rel.init)
 *(.rela.init)
 *(.rel.text .rel.text.* .rel.gnu.linkonce.t.*)
 *(.rela.text .rela.text.* .rela.gnu.linkonce.t.*)
 *(.rel.fini)
 *(.rela.fini)
 *(.rel.rodata .rel.rodata.* .rel.gnu.linkonce.r.*)
 *(.rela.rodata .rela.rodata.* .rela.gnu.linkonce.r.*)
 *(.rel.data .rel.data.* .rel.gnu.linkonce.d.*)
 *(.rela.data .rela.data.* .rela.gnu.linkonce.d.*)
 *(.rel.tdata .rel.tdata.* .rel.gnu.linkonce.td.*)
 *(.rela.tdata .rela.tdata.* .rela.gnu.linkonce.td.*)
 *(.rel.tbss .rel.tbss.* .rel.gnu.linkonce.tb.*)
 *(.rela.tbss .rela.tbss.* .rela.gnu.linkonce.tb.*)
 *(.rel.ctors)
 *(.rela.ctors)
 *(.rel.dtors)
 *(.rela.dtors)
 *(.rel.got)
 *(.rela.got)
 *(.rel.sdata .rel.sdata.* .rel.gnu.linkonce.s.*)
 *(.rela.sdata .rela.sdata.* .rela.gnu.linkonce.s.*)
 *(.rel.sbss .rel.sbss.* .rel.gnu.linkonce.sb.*)
 *(.rela.sbss .rela.sbss.* .rela.gnu.linkonce.sb.*)
 *(.rel.sdata2 .rel.sdata2.* .rel.gnu.linkonce.s2.*)
 *(.rela.sdata2 .rela.sdata2.* .rela.gnu.linkonce.s2.*)
 *(.rel.sbss2 .rel.sbss2.* .rel.gnu.linkonce.sb2.*)
 *(.rela.sbss2 .rela.sbss2.* .rela.gnu.linkonce.sb2.*)
 *(.rel.bss .rel.bss.* .rel.gnu.linkonce.b.*)
 *(.rela.bss .rela.bss.* .rela.gnu.linkonce.b.*)
 *(.rel.plt)
 *(.rela.plt)
 *(.rel.dyn)
 *(.init)
 *(.plt)
 *(.text .stub .text.* .gnu.linkonce.t.*)
 .text          0x010001b4       0x48 ../isp_bsp//obj/HAL/src/crt0.o
                0x010001b4                _start
 .text          0x010001fc      0x2a4 obj/default/chap_9.o
                0x010001fc                Chap9_SetAddress
                0x0100025c                Chap9_GetDescriptor
                0x0100031c                Chap9_SetConfiguration
                0x0100035c                Chap9_StallEP0
                0x010003a4                Chap9_SingleTransmitEP0
                0x010003dc                Chap9_BurstTransmitEP0
 .text          0x010004a0      0x43c obj/default/drv.o
                0x010004a0                benchmark
                0x010004f4                ML_AcknowledgeSETUP
                0x01000524                DeviceRequest_Handler
                0x010006d0                SetupToken_Handler
                0x01000754                configure_isp
                0x01000870                check_chip_id
 .text          0x010008dc     0x1874 obj/default/hal.o
                0x010008dc                Hal4D13_AcquireD13
                0x01000918                Hal4D13_ResetDevice
                0x01000970                Hal4D13_GetDevConfig
                0x010009dc                Hal4D13_SetDevConfig
                0x01000a6c                Hal4D13_SetMode
                0x01000afc                Hal4D13_GetMode
                0x01000b74                Hal4D13_GetAddress
                0x01000bec                Hal4D13_SetAddressEnable
                0x01000cac                Hal4D13_SoftConnect
                0x01000db8                Hal4D13_AcknowledgeSETUP
                0x01000e10                Hal4D13_ClearBuffer
                0x01000e74                Hal4D13_ValidBuffer
                0x01000ed8                Hal4D13_ReadEndpoint
                0x0100102c                Hal4D13_ReadBulkEndpoint
                0x01001180                Hal4D13_ReadEndpointWOClearBuffer
                0x01001298                Hal4D13_WriteEndpoint
                0x01001474                Hal4D13_GetIntEnable
                0x010014fc                Hal4D13_SetIntEnable
                0x010015c4                Hal4D13_ReadInterruptRegister
                0x01001640                Hal4D13_GetEndpointStatusWInteruptClear
                0x010016c4                Hal4D13_GetEndpointStatusWOInteruptClear
                0x01001748                Hal4D13_SetEndpointStatus
                0x01001808                Hal4D13_SetDMAConfig
                0x01001898                Hal4D13_GetDMAConfig
                0x01001904                Hal4D13_SetDMACounter
                0x01001994                Hal4D13_GetDMACounter
                0x01001a00                Hal4D13_GetDataFromChipRam
                0x01001a6c                Hal4D13_SetDataToChipRam
                0x01001afc                Hal4D13_ReadCurrentFrameNumber
                0x01001b68                Hal4D13_LockDevice
                0x01001c14                Hal4D13_ReadChipID
                0x01001c88                Hal4D13_GetErrorCode
                0x01001d0c                Hal4D13_GetEndpointConfig
                0x01001d90                Hal4D13_SetEndpointConfig
                0x01001e34                Hal4D13_UnconfigDevice
                0x01001e50                Hal4D13_ConfigDevice
                0x01001e6c                Hal4D13_SingleTransmitEP0
                0x01001eb4                Hal4D13_RegAccess
                0x0100201c                Hal4D13_StallEP0InControlWrite
                0x01002058                Hal4D13_StallEP0InControlRead
                0x01002094                Hal4D13_IsSetupPktInvalid
                0x010020d4                Write_HC_Config_Reg
                0x01002114                Read_HC_Config_Reg
 .text          0x01002150      0x264 obj/default/isr.o
                0x01002150                usb_isr
                0x010021e4                Isr_BusReset
                0x01002224                Isr_Ep00RxDone
                0x01002274                Isr_Ep01Done
                0x01002388                Isr_Ep02Done
 .text          0x010023b4       0xc4 obj/default/main.o
                0x010023b4                main
 .text          0x01002478       0x94 obj/default/usb_irq.o
                0x01002478                disable
                0x010024c8                enable
 .text          0x0100250c        0x0 d:/altera/11.0sp1/nios2eds/bin/gnu/h-i686-mingw32/bin/../lib/gcc/nios2-elf/4.1.2/../../../../nios2-elf/lib\libc.a(lib_a-impure.o)
 .text          0x0100250c       0x78 d:/altera/11.0sp1/nios2eds/bin/gnu/h-i686-mingw32/bin/../lib/gcc/nios2-elf/4.1.2/../../../../nios2-elf/lib\libc.a(lib_a-printf.o)
                0x0100250c                printf
                0x01002550                _printf_r
 .text          0x01002584      0x1ec d:/altera/11.0sp1/nios2eds/bin/gnu/h-i686-mingw32/bin/../lib/gcc/nios2-elf/4.1.2/../../../../nios2-elf/lib\libc.a(lib_a-putc.o)
                0x01002584                putc
                0x01002688                _putc_r
 .text          0x01002770       0x24 d:/altera/11.0sp1/nios2eds/bin/gnu/h-i686-mingw32/bin/../lib/gcc/nios2-elf/4.1.2/../../../../nios2-elf/lib\libc.a(lib_a-putchar.o)
                0x01002770                putchar
                0x0100278c                _putchar_r
 .text          0x01002794       0xb4 d:/altera/11.0sp1/nios2eds/bin/gnu/h-i686-mingw32/bin/../lib/gcc/nios2-elf/4.1.2/../../../../nios2-elf/lib\libc.a(lib_a-puts.o)
                0x01002794                _puts_r
                0x01002834                puts
 .text          0x01002848       0x74 d:/altera/11.0sp1/nios2eds/bin/gnu/h-i686-mingw32/bin/../lib/gcc/nios2-elf/4.1.2/../../../../nios2-elf/lib\libc.a(lib_a-strlen.o)
                0x01002848                strlen
 .text          0x010028bc     0x1f28 d:/altera/11.0sp1/nios2eds/bin/gnu/h-i686-mingw32/bin/../lib/gcc/nios2-elf/4.1.2/../../../../nios2-elf/lib\libc.a(lib_a-vfprintf.o)
                0x01002914                ___vfprintf_internal_r
                0x010047c0                __vfprintf_internal
 .text          0x010047e4      0x14c d:/altera/11.0sp1/nios2eds/bin/gnu/h-i686-mingw32/bin/../lib/gcc/nios2-elf/4.1.2/../../../../nios2-elf/lib\libc.a(lib_a-wbuf.o)
                0x010047e4                __swbuf_r
                0x01004914                __swbuf
 .text          0x01004930      0x13c d:/altera/11.0sp1/nios2eds/bin/gnu/h-i686-mingw32/bin/../lib/gcc/nios2-elf/4.1.2/../../../../nios2-elf/lib\libc.a(lib_a-wsetup.o)
                0x01004930                __swsetup_r
 .text          0x01004a6c     0x17cc d:/altera/11.0sp1/nios2eds/bin/gnu/h-i686-mingw32/bin/../lib/gcc/nios2-elf/4.1.2/../../../../nios2-elf/lib\libc.a(lib_a-dtoa.o)
                0x01004c84                _dtoa_r
 .text          0x01006238      0x230 d:/altera/11.0sp1/nios2eds/bin/gnu/h-i686-mingw32/bin/../lib/gcc/nios2-elf/4.1.2/../../../../nios2-elf/lib\libc.a(lib_a-fflush.o)
                0x01006238                _fflush_r
                0x01006434                fflush
 .text          0x01006468      0x2c0 d:/altera/11.0sp1/nios2eds/bin/gnu/h-i686-mingw32/bin/../lib/gcc/nios2-elf/4.1.2/../../../../nios2-elf/lib\libc.a(lib_a-findfp.o)
                0x010064c0                __sfp_lock_acquire
                0x010064c4                __sfp_lock_release
                0x010064c8                __sinit_lock_acquire
                0x010064cc                __sinit_lock_release
                0x010064d0                __sinit
                0x01006584                __fp_unlock_all
                0x0100659c                __fp_lock_all
                0x010065b4                _cleanup_r
                0x010065c0                _cleanup
                0x010065d0                __sfmoreglue
                0x01006638                __sfp
 .text          0x01006728      0x440 d:/altera/11.0sp1/nios2eds/bin/gnu/h-i686-mingw32/bin/../lib/gcc/nios2-elf/4.1.2/../../../../nios2-elf/lib\libc.a(lib_a-freer.o)
                0x01006728                _malloc_trim_r
                0x01006854                _free_r
 .text          0x01006b68      0x49c d:/altera/11.0sp1/nios2eds/bin/gnu/h-i686-mingw32/bin/../lib/gcc/nios2-elf/4.1.2/../../../../nios2-elf/lib\libc.a(lib_a-fvwrite.o)
                0x01006b68                __sfvwrite_r
 .text          0x01007004      0x180 d:/altera/11.0sp1/nios2eds/bin/gnu/h-i686-mingw32/bin/../lib/gcc/nios2-elf/4.1.2/../../../../nios2-elf/lib\libc.a(lib_a-fwalk.o)
                0x01007004                _fwalk_reent
                0x010070cc                _fwalk
 .text          0x01007184       0xc4 d:/altera/11.0sp1/nios2eds/bin/gnu/h-i686-mingw32/bin/../lib/gcc/nios2-elf/4.1.2/../../../../nios2-elf/lib\libc.a(lib_a-locale.o)
                0x01007184                __locale_charset
                0x0100718c                _localeconv_r
                0x01007198                localeconv
                0x010071a8                _setlocale_r
                0x0100722c                setlocale
 .text          0x01007248      0x194 d:/altera/11.0sp1/nios2eds/bin/gnu/h-i686-mingw32/bin/../lib/gcc/nios2-elf/4.1.2/../../../../nios2-elf/lib\libc.a(lib_a-makebuf.o)
                0x01007248                __smakebuf_r
 .text          0x010073dc      0x740 d:/altera/11.0sp1/nios2eds/bin/gnu/h-i686-mingw32/bin/../lib/gcc/nios2-elf/4.1.2/../../../../nios2-elf/lib\libc.a(lib_a-mallocr.o)
                0x010073dc                _malloc_r
 .text          0x01007b1c       0xe4 d:/altera/11.0sp1/nios2eds/bin/gnu/h-i686-mingw32/bin/../lib/gcc/nios2-elf/4.1.2/../../../../nios2-elf/lib\libc.a(lib_a-memchr.o)
                0x01007b1c                memchr
 .text          0x01007c00       0xa0 d:/altera/11.0sp1/nios2eds/bin/gnu/h-i686-mingw32/bin/../lib/gcc/nios2-elf/4.1.2/../../../../nios2-elf/lib\libc.a(lib_a-memcpy.o)
                0x01007c00                memcpy
 .text          0x01007ca0       0xe0 d:/altera/11.0sp1/nios2eds/bin/gnu/h-i686-mingw32/bin/../lib/gcc/nios2-elf/4.1.2/../../../../nios2-elf/lib\libc.a(lib_a-memmove.o)
                0x01007ca0                memmove
 .text          0x01007d80       0x98 d:/altera/11.0sp1/nios2eds/bin/gnu/h-i686-mingw32/bin/../lib/gcc/nios2-elf/4.1.2/../../../../nios2-elf/lib\libc.a(lib_a-memset.o)
                0x01007d80                memset
 .text          0x01007e18      0xff4 d:/altera/11.0sp1/nios2eds/bin/gnu/h-i686-mingw32/bin/../lib/gcc/nios2-elf/4.1.2/../../../../nios2-elf/lib\libc.a(lib_a-mprec.o)
                0x01007e18                _Bfree
                0x01007e40                __hi0bits
                0x01007eb0                __lo0bits
                0x01007f74                __mcmp
                0x01007fd4                __ulp
                0x01008054                __b2d
                0x01008174                __ratio
                0x01008224                _mprec_log10
                0x010082b8                __copybits
                0x01008310                __any_on
                0x01008398                _Balloc
                0x01008454                __d2b
                0x010085d0                __mdiff
                0x0100875c                __lshift
                0x010088a8                __multiply
                0x01008a90                __i2b
                0x01008acc                __multadd
                0x01008bcc                __pow5mult
                0x01008cec                __s2b
 .text          0x01008e0c      0x5f4 d:/altera/11.0sp1/nios2eds/bin/gnu/h-i686-mingw32/bin/../lib/gcc/nios2-elf/4.1.2/../../../../nios2-elf/lib\libc.a(lib_a-reallocr.o)
                0x01008e0c                _realloc_r
 .text          0x01009400       0x40 d:/altera/11.0sp1/nios2eds/bin/gnu/h-i686-mingw32/bin/../lib/gcc/nios2-elf/4.1.2/../../../../nios2-elf/lib\libc.a(lib_a-s_isinfd.o)
                0x01009400                __isinfd
 .text          0x01009440       0x30 d:/altera/11.0sp1/nios2eds/bin/gnu/h-i686-mingw32/bin/../lib/gcc/nios2-elf/4.1.2/../../../../nios2-elf/lib\libc.a(lib_a-s_isnand.o)
                0x01009440                __isnand
 .text          0x01009470       0x70 d:/altera/11.0sp1/nios2eds/bin/gnu/h-i686-mingw32/bin/../lib/gcc/nios2-elf/4.1.2/../../../../nios2-elf/lib\libc.a(lib_a-sbrkr.o)
                0x01009470                _sbrk_r
 .text          0x010094e0      0x14c d:/altera/11.0sp1/nios2eds/bin/gnu/h-i686-mingw32/bin/../lib/gcc/nios2-elf/4.1.2/../../../../nios2-elf/lib\libc.a(lib_a-stdio.o)
                0x010094e0                __sclose
                0x010094e8                __sseek
                0x01009550                __swrite
                0x010095cc                __sread
 .text          0x0100962c       0xbc d:/altera/11.0sp1/nios2eds/bin/gnu/h-i686-mingw32/bin/../lib/gcc/nios2-elf/4.1.2/../../../../nios2-elf/lib\libc.a(lib_a-strcmp.o)
                0x0100962c                strcmp
 .text          0x010096e8       0x78 d:/altera/11.0sp1/nios2eds/bin/gnu/h-i686-mingw32/bin/../lib/gcc/nios2-elf/4.1.2/../../../../nios2-elf/lib\libc.a(lib_a-writer.o)
                0x010096e8                _write_r
 .text          0x01009760       0xb4 d:/altera/11.0sp1/nios2eds/bin/gnu/h-i686-mingw32/bin/../lib/gcc/nios2-elf/4.1.2/../../../../nios2-elf/lib\libc.a(lib_a-callocr.o)
                0x01009760                _calloc_r
 .text          0x01009814       0x70 d:/altera/11.0sp1/nios2eds/bin/gnu/h-i686-mingw32/bin/../lib/gcc/nios2-elf/4.1.2/../../../../nios2-elf/lib\libc.a(lib_a-closer.o)
                0x01009814                _close_r
 .text          0x01009884      0x124 d:/altera/11.0sp1/nios2eds/bin/gnu/h-i686-mingw32/bin/../lib/gcc/nios2-elf/4.1.2/../../../../nios2-elf/lib\libc.a(lib_a-fclose.o)
                0x01009884                _fclose_r
                0x01009994                fclose
 .text          0x010099a8       0x74 d:/altera/11.0sp1/nios2eds/bin/gnu/h-i686-mingw32/bin/../lib/gcc/nios2-elf/4.1.2/../../../../nios2-elf/lib\libc.a(lib_a-fstatr.o)
                0x010099a8                _fstat_r
 .text          0x01009a1c        0x0 d:/altera/11.0sp1/nios2eds/bin/gnu/h-i686-mingw32/bin/../lib/gcc/nios2-elf/4.1.2/../../../../nios2-elf/lib\libc.a(lib_a-int_errno.o)
 .text          0x01009a1c       0x70 d:/altera/11.0sp1/nios2eds/bin/gnu/h-i686-mingw32/bin/../lib/gcc/nios2-elf/4.1.2/../../../../nios2-elf/lib\libc.a(lib_a-isattyr.o)
                0x01009a1c                _isatty_r
 .text          0x01009a8c       0x78 d:/altera/11.0sp1/nios2eds/bin/gnu/h-i686-mingw32/bin/../lib/gcc/nios2-elf/4.1.2/../../../../nios2-elf/lib\libc.a(lib_a-lseekr.o)
                0x01009a8c                _lseek_r
 .text          0x01009b04       0x78 d:/altera/11.0sp1/nios2eds/bin/gnu/h-i686-mingw32/bin/../lib/gcc/nios2-elf/4.1.2/../../../../nios2-elf/lib\libc.a(lib_a-readr.o)
                0x01009b04                _read_r
 .text          0x01009b7c      0x5dc d:/altera/11.0sp1/nios2eds/bin/gnu/h-i686-mingw32/bin/../lib/gcc/nios2-elf/4.1.2\libgcc.a(_udivdi3.o)
                0x01009b7c                __udivdi3
 .text          0x0100a158      0x5b0 d:/altera/11.0sp1/nios2eds/bin/gnu/h-i686-mingw32/bin/../lib/gcc/nios2-elf/4.1.2\libgcc.a(_umoddi3.o)
                0x0100a158                __umoddi3
 .text          0x0100a708      0x504 d:/altera/11.0sp1/nios2eds/bin/gnu/h-i686-mingw32/bin/../lib/gcc/nios2-elf/4.1.2\libgcc.a(_addsub_df.o)
                0x0100ab18                __subdf3
                0x0100ab98                __adddf3
 .text          0x0100ac0c      0x3c4 d:/altera/11.0sp1/nios2eds/bin/gnu/h-i686-mingw32/bin/../lib/gcc/nios2-elf/4.1.2\libgcc.a(_mul_df.o)
                0x0100ac0c                __muldf3
 .text          0x0100afd0      0x258 d:/altera/11.0sp1/nios2eds/bin/gnu/h-i686-mingw32/bin/../lib/gcc/nios2-elf/4.1.2\libgcc.a(_div_df.o)
                0x0100afd0                __divdf3
 .text          0x0100b228       0x88 d:/altera/11.0sp1/nios2eds/bin/gnu/h-i686-mingw32/bin/../lib/gcc/nios2-elf/4.1.2\libgcc.a(_eq_df.o)
                0x0100b228                __eqdf2
 .text          0x0100b2b0       0x88 d:/altera/11.0sp1/nios2eds/bin/gnu/h-i686-mingw32/bin/../lib/gcc/nios2-elf/4.1.2\libgcc.a(_ne_df.o)
                0x0100b2b0                __nedf2
 .text          0x0100b338       0x88 d:/altera/11.0sp1/nios2eds/bin/gnu/h-i686-mingw32/bin/../lib/gcc/nios2-elf/4.1.2\libgcc.a(_gt_df.o)
                0x0100b338                __gtdf2
 .text          0x0100b3c0       0x88 d:/altera/11.0sp1/nios2eds/bin/gnu/h-i686-mingw32/bin/../lib/gcc/nios2-elf/4.1.2\libgcc.a(_ge_df.o)
                0x0100b3c0                __gedf2
 .text          0x0100b448       0x88 d:/altera/11.0sp1/nios2eds/bin/gnu/h-i686-mingw32/bin/../lib/gcc/nios2-elf/4.1.2\libgcc.a(_lt_df.o)
                0x0100b448                __ltdf2
 .text          0x0100b4d0       0xf8 d:/altera/11.0sp1/nios2eds/bin/gnu/h-i686-mingw32/bin/../lib/gcc/nios2-elf/4.1.2\libgcc.a(_si_to_df.o)
                0x0100b4d0                __floatsidf
 .text          0x0100b5c8       0xd8 d:/altera/11.0sp1/nios2eds/bin/gnu/h-i686-mingw32/bin/../lib/gcc/nios2-elf/4.1.2\libgcc.a(_df_to_si.o)
                0x0100b5c8                __fixdfsi
 .text          0x0100b6a0        0x0 d:/altera/11.0sp1/nios2eds/bin/gnu/h-i686-mingw32/bin/../lib/gcc/nios2-elf/4.1.2\libgcc.a(_thenan_df.o)
 .text          0x0100b6a0      0x194 d:/altera/11.0sp1/nios2eds/bin/gnu/h-i686-mingw32/bin/../lib/gcc/nios2-elf/4.1.2\libgcc.a(_usi_to_df.o)
                0x0100b6a0                __floatunsidf
 .text          0x0100b834      0x14c d:/altera/11.0sp1/nios2eds/bin/gnu/h-i686-mingw32/bin/../lib/gcc/nios2-elf/4.1.2\libgcc.a(lib2-divmod.o)
                0x0100b8b0                __divsi3
                0x0100b910                __modsi3
                0x0100b970                __udivsi3
                0x0100b978                __umodsi3
 .text          0x0100b980       0x98 d:/altera/11.0sp1/nios2eds/bin/gnu/h-i686-mingw32/bin/../lib/gcc/nios2-elf/4.1.2\libgcc.a(_muldi3.o)
                0x0100b980                __muldi3
 .text          0x0100ba18        0x0 d:/altera/11.0sp1/nios2eds/bin/gnu/h-i686-mingw32/bin/../lib/gcc/nios2-elf/4.1.2\libgcc.a(_clz.o)
 .text          0x0100ba18       0x80 d:/altera/11.0sp1/nios2eds/bin/gnu/h-i686-mingw32/bin/../lib/gcc/nios2-elf/4.1.2\libgcc.a(_clzsi2.o)
                0x0100ba18                __clzsi2
 .text          0x0100ba98      0x314 d:/altera/11.0sp1/nios2eds/bin/gnu/h-i686-mingw32/bin/../lib/gcc/nios2-elf/4.1.2\libgcc.a(_pack_df.o)
                0x0100ba98                __pack_d
 .text          0x0100bdac      0x138 d:/altera/11.0sp1/nios2eds/bin/gnu/h-i686-mingw32/bin/../lib/gcc/nios2-elf/4.1.2\libgcc.a(_unpack_df.o)
                0x0100bdac                __unpack_d
 .text          0x0100bee4       0xc8 d:/altera/11.0sp1/nios2eds/bin/gnu/h-i686-mingw32/bin/../lib/gcc/nios2-elf/4.1.2\libgcc.a(_fpcmp_parts_df.o)
                0x0100bee4                __fpcmp_parts_d
 .text          0x0100bfac      0x15c ../isp_bsp/\libhal_bsp.a(alt_close.o)
                0x0100bfac                close
 .text          0x0100c108       0x2c ../isp_bsp/\libhal_bsp.a(alt_dev.o)
 .text          0x0100c134        0x0 ../isp_bsp/\libhal_bsp.a(alt_errno.o)
 .text          0x0100c134      0x134 ../isp_bsp/\libhal_bsp.a(alt_fstat.o)
                0x0100c134                fstat
 .text          0x0100c268      0x1c0 ../isp_bsp/\libhal_bsp.a(alt_irq_register.o)
                0x0100c268                alt_irq_register
 .text          0x0100c428        0x0 ../isp_bsp/\libhal_bsp.a(alt_irq_vars.o)
 .text          0x0100c428      0x120 ../isp_bsp/\libhal_bsp.a(alt_isatty.o)
                0x0100c428                isatty
 .text          0x0100c548      0x150 ../isp_bsp/\libhal_bsp.a(alt_lseek.o)
                0x0100c548                lseek
 .text          0x0100c698       0x6c ../isp_bsp/\libhal_bsp.a(alt_main.o)
                0x0100c698                alt_main
 .text          0x0100c704       0x40 ../isp_bsp/\libhal_bsp.a(alt_malloc_lock.o)
                0x0100c704                __malloc_lock
                0x0100c724                __malloc_unlock
 .text          0x0100c744      0x180 ../isp_bsp/\libhal_bsp.a(alt_read.o)
                0x0100c744                read
 .text          0x0100c8c4       0x60 ../isp_bsp/\libhal_bsp.a(alt_release_fd.o)
                0x0100c8c4                alt_release_fd
 .text          0x0100c924       0xbc ../isp_bsp/\libhal_bsp.a(alt_sbrk.o)
                0x0100c924                sbrk
 .text          0x0100c9e0       0x30 ../isp_bsp/\libhal_bsp.a(alt_usleep.o)
                0x0100c9e0                usleep
 .text          0x0100ca10      0x180 ../isp_bsp/\libhal_bsp.a(alt_write.o)
                0x0100ca10                write
 .text          0x0100cb90      0x118 ../isp_bsp/\libhal_bsp.a(alt_sys_init.o)
                0x0100cb90                alt_irq_init
                0x0100cbc4                alt_sys_init
 .text          0x0100cca8      0x8c8 ../isp_bsp/\libhal_bsp.a(altera_avalon_cfi_flash.o)
                0x0100cca8                alt_flash_cfi_init
                0x0100cd7c                alt_flash_cfi_write
                0x0100d03c                alt_flash_cfi_get_info
                0x0100d0cc                alt_flash_cfi_read
                0x0100d134                alt_write_value_to_flash
                0x0100d298                alt_flash_program_block
 .text          0x0100d570     0x1448 ../isp_bsp/\libhal_bsp.a(altera_avalon_cfi_flash_table.o)
                0x0100d570                alt_read_query_entry_8bit
                0x0100d5b0                alt_read_query_entry_16bit
                0x0100d5f4                alt_read_query_entry_32bit
                0x0100d63c                alt_write_flash_command_8bit_device_8bit_mode
                0x0100d678                alt_write_flash_command_16bit_device_8bit_mode
                0x0100d6f4                alt_write_flash_command_32bit_device_8bit_mode
                0x0100d73c                alt_write_flash_command_16bit_device_16bit_mode
                0x0100d780                alt_write_flash_command_32bit_device_16bit_mode
                0x0100d7c8                alt_write_flash_command_32bit_device_32bit_mode
                0x0100d810                alt_write_native_8bit
                0x0100d844                alt_write_native_16bit
                0x0100d878                alt_write_native_32bit
                0x0100d8a8                alt_set_flash_width_func
                0x0100da88                alt_set_flash_algorithm_func
                0x0100dbb0                alt_read_cfi_table
                0x0100e130                alt_read_cfi_width
                0x0100e8dc                alt_check_primary_table
 .text          0x0100e9b8      0x934 ../isp_bsp/\libhal_bsp.a(altera_avalon_epcs_flash_controller.o)
                0x0100e9b8                alt_epcs_flash_init
                0x0100ed38                alt_epcs_flash_write
                0x0100efb8                alt_epcs_flash_get_info
                0x0100f048                alt_epcs_flash_erase_block
                0x0100f150                alt_epcs_flash_write_block
                0x0100f260                alt_epcs_flash_read
 .text          0x0100f2ec      0x148 ../isp_bsp/\libhal_bsp.a(altera_avalon_jtag_uart_fd.o)
                0x0100f2ec                altera_avalon_jtag_uart_read_fd
                0x0100f344                altera_avalon_jtag_uart_write_fd
                0x0100f39c                altera_avalon_jtag_uart_close_fd
                0x0100f3e4                altera_avalon_jtag_uart_ioctl_fd
 .text          0x0100f434      0x40c ../isp_bsp/\libhal_bsp.a(altera_avalon_jtag_uart_init.o)
                0x0100f434                altera_avalon_jtag_uart_init
                0x0100f7cc                altera_avalon_jtag_uart_close
 .text          0x0100f840       0xf4 ../isp_bsp/\libhal_bsp.a(altera_avalon_jtag_uart_ioctl.o)
                0x0100f840                altera_avalon_jtag_uart_ioctl
 .text          0x0100f934      0x224 ../isp_bsp/\libhal_bsp.a(altera_avalon_jtag_uart_read.o)
                0x0100f934                altera_avalon_jtag_uart_read
 .text          0x0100fb58      0x240 ../isp_bsp/\libhal_bsp.a(altera_avalon_jtag_uart_write.o)
                0x0100fb58                altera_avalon_jtag_uart_write
 .text          0x0100fd98      0xee8 ../isp_bsp/\libhal_bsp.a(altera_avalon_lcd_16207.o)
                0x0101056c                altera_avalon_lcd_16207_write
                0x01010b44                altera_avalon_lcd_16207_init
 .text          0x01010c80       0x58 ../isp_bsp/\libhal_bsp.a(altera_avalon_lcd_16207_fd.o)
                0x01010c80                altera_avalon_lcd_16207_write_fd
 .text          0x01010cd8      0x100 ../isp_bsp/\libhal_bsp.a(altera_avalon_timer_sc.o)
                0x01010d48                alt_avalon_timer_sc_init
 .text          0x01010dd8       0xf8 ../isp_bsp/\libhal_bsp.a(altera_avalon_uart_fd.o)
                0x01010dd8                altera_avalon_uart_read_fd
                0x01010e30                altera_avalon_uart_write_fd
                0x01010e88                altera_avalon_uart_close_fd
 .text          0x01010ed0      0x400 ../isp_bsp/\libhal_bsp.a(altera_avalon_uart_init.o)
                0x01010ed0                altera_avalon_uart_init
                0x01011270                altera_avalon_uart_close
 .text          0x010112d0      0x290 ../isp_bsp/\libhal_bsp.a(altera_avalon_uart_read.o)
                0x010112d0                altera_avalon_uart_read
 .text          0x01011560      0x228 ../isp_bsp/\libhal_bsp.a(altera_avalon_uart_write.o)
                0x01011560                altera_avalon_uart_write
 .text          0x01011788      0x460 ../isp_bsp/\libhal_bsp.a(epcs_commands.o)
                0x01011788                epcs_read_status_register
                0x010117e8                epcs_sector_erase
                0x010118d4                epcs_read_buffer
                0x01011988                epcs_write_enable
                0x010119d8                epcs_write_status_register
                0x01011a3c                epcs_write_buffer
                0x01011b14                epcs_read_electronic_signature
                0x01011b80                epcs_read_device_id
 .text          0x01011be8      0x154 ../isp_bsp/\libhal_bsp.a(alt_alarm_start.o)
                0x01011be8                alt_alarm_start
 .text          0x01011d3c      0x14c ../isp_bsp/\libhal_bsp.a(alt_busy_sleep.o)
                0x01011d3c                alt_busy_sleep
 .text          0x01011e88       0x78 ../isp_bsp/\libhal_bsp.a(alt_dcache_flush.o)
                0x01011e88                alt_dcache_flush
 .text          0x01011f00      0x114 ../isp_bsp/\libhal_bsp.a(alt_dev_llist_insert.o)
                0x01011f00                alt_dev_llist_insert
 .text          0x01012014       0x64 ../isp_bsp/\libhal_bsp.a(alt_do_ctors.o)
                0x01012014                _do_ctors
 .text          0x01012078       0x64 ../isp_bsp/\libhal_bsp.a(alt_do_dtors.o)
                0x01012078                _do_dtors
 .text          0x010120dc       0xd0 ../isp_bsp/\libhal_bsp.a(alt_flash_dev.o)
                0x010120dc                alt_flash_open_dev
                0x01012158                alt_flash_close_dev
 .text          0x010121ac      0x1d4 ../isp_bsp/\libhal_bsp.a(alt_iic.o)
                0x010121ac                alt_ic_isr_register
                0x010121fc                alt_ic_irq_enable
                0x01012298                alt_ic_irq_disable
                0x01012338                alt_ic_irq_enabled
 .text          0x01012380       0xf8 ../isp_bsp/\libhal_bsp.a(alt_iic_isr_register.o)
                0x01012380                alt_iic_isr_register
 .text          0x01012478      0x13c ../isp_bsp/\libhal_bsp.a(alt_io_redirect.o)
                0x0101253c                alt_io_redirect
 .text          0x010125b4        0x0 ../isp_bsp/\libhal_bsp.a(alt_irq_entry.o)
 .text          0x010125b4        0x0 ../isp_bsp/\libhal_bsp.a(alt_irq_handler.o)
 .text          0x010125b4      0x2c4 ../isp_bsp/\libhal_bsp.a(alt_open.o)
                0x01012690                open
 .text          0x01012878      0x1a4 ../isp_bsp/\libhal_bsp.a(alt_tick.o)
                0x01012878                alt_alarm_stop
                0x01012910                alt_tick
 .text          0x01012a1c       0x20 ../isp_bsp/\libhal_bsp.a(altera_nios2_irq.o)
                0x01012a1c                altera_nios2_irq_init
 .text          0x01012a3c      0x460 ../isp_bsp/\libhal_bsp.a(altera_avalon_cfi_flash_amd.o)
                0x01012a3c                alt_program_amd
                0x01012aa4                alt_erase_block_amd
 .text          0x01012e9c      0x460 ../isp_bsp/\libhal_bsp.a(altera_avalon_cfi_flash_intel.o)
                0x01012e9c                alt_program_intel
                0x01012f20                alt_erase_block_intel
 .text          0x010132fc      0x238 ../isp_bsp/\libhal_bsp.a(altera_avalon_spi.o)
                0x010132fc                alt_avalon_spi_command
 .text          0x01013534        0x0 ../isp_bsp/\libhal_bsp.a(alt_exception_entry.o)
 .text          0x01013534       0x94 ../isp_bsp/\libhal_bsp.a(alt_find_dev.o)
                0x01013534                alt_find_dev
 .text          0x010135c8      0x120 ../isp_bsp/\libhal_bsp.a(alt_find_file.o)
                0x010135c8                alt_find_file
 .text          0x010136e8       0xb8 ../isp_bsp/\libhal_bsp.a(alt_get_fd.o)
                0x010136e8                alt_get_fd
 .text          0x010137a0       0x14 d:/altera/11.0sp1/nios2eds/bin/gnu/h-i686-mingw32/bin/../lib/gcc/nios2-elf/4.1.2/../../../../nios2-elf/lib\libc.a(lib_a-atexit.o)
                0x010137a0                atexit
 .text          0x010137b4        0x0 d:/altera/11.0sp1/nios2eds/bin/gnu/h-i686-mingw32/bin/../lib/gcc/nios2-elf/4.1.2/../../../../nios2-elf/lib\libc.a(lib_a-ctype_.o)
 .text          0x010137b4       0x38 d:/altera/11.0sp1/nios2eds/bin/gnu/h-i686-mingw32/bin/../lib/gcc/nios2-elf/4.1.2/../../../../nios2-elf/lib\libc.a(lib_a-exit.o)
                0x010137b4                exit
 .text          0x010137ec       0x74 d:/altera/11.0sp1/nios2eds/bin/gnu/h-i686-mingw32/bin/../lib/gcc/nios2-elf/4.1.2/../../../../nios2-elf/lib\libc.a(lib_a-memcmp.o)
                0x010137ec                memcmp
 .text          0x01013860      0x134 d:/altera/11.0sp1/nios2eds/bin/gnu/h-i686-mingw32/bin/../lib/gcc/nios2-elf/4.1.2/../../../../nios2-elf/lib\libc.a(lib_a-__atexit.o)
                0x01013860                __register_exitproc
 .text          0x01013994      0x1b4 d:/altera/11.0sp1/nios2eds/bin/gnu/h-i686-mingw32/bin/../lib/gcc/nios2-elf/4.1.2/../../../../nios2-elf/lib\libc.a(lib_a-__call_atexit.o)
                0x01013998                __call_exitprocs
 .text          0x01013b48       0x60 ../isp_bsp/\libhal_bsp.a(alt_exit.o)
                0x01013b88                _exit
 *(.gnu.warning.*)
 *(.fini)
                0x01013ba8                PROVIDE (__etext, ABSOLUTE (.))
                0x01013ba8                PROVIDE (_etext, ABSOLUTE (.))
                0x01013ba8                PROVIDE (etext, ABSOLUTE (.))
 *(.eh_frame_hdr)
                0x01013ba8                . = ALIGN (0x4)
                0x01013ba8                PROVIDE (__preinit_array_start, ABSOLUTE (.))
 *(.preinit_array)
                0x01013ba8                PROVIDE (__preinit_array_end, ABSOLUTE (.))
                0x01013ba8                PROVIDE (__init_array_start, ABSOLUTE (.))
 *(.init_array)
                0x01013ba8                PROVIDE (__init_array_end, ABSOLUTE (.))
                0x01013ba8                PROVIDE (__fini_array_start, ABSOLUTE (.))
 *(.fini_array)
                0x01013ba8                PROVIDE (__fini_array_end, ABSOLUTE (.))
 *(.eh_frame)
 .eh_frame      0x01013ba8       0x40 d:/altera/11.0sp1/nios2eds/bin/gnu/h-i686-mingw32/bin/../lib/gcc/nios2-elf/4.1.2\libgcc.a(_udivdi3.o)
 .eh_frame      0x01013be8       0x2c d:/altera/11.0sp1/nios2eds/bin/gnu/h-i686-mingw32/bin/../lib/gcc/nios2-elf/4.1.2\libgcc.a(_umoddi3.o)
                                 0x40 (size before relaxing)
 *(.gcc_except_table)
 *(.dynamic)
                0x01013c14                PROVIDE (__CTOR_LIST__, ABSOLUTE (.))
 *(.ctors)
 *(SORT(.ctors.*))
 .ctors.65535   0x01013c14        0x4 d:/altera/11.0sp1/nios2eds/bin/gnu/h-i686-mingw32/bin/../lib/gcc/nios2-elf/4.1.2/../../../../nios2-elf/lib\libc.a(lib_a-__call_atexit.o)
                0x01013c18                PROVIDE (__CTOR_END__, ABSOLUTE (.))
                0x01013c18                PROVIDE (__DTOR_LIST__, ABSOLUTE (.))
 *(.dtors)
 *(SORT(.dtors.*))
                0x01013c18                PROVIDE (__DTOR_END__, ABSOLUTE (.))
 *(.jcr)
                0x01013c18                . = ALIGN (0x4)

.rodata         0x01013c18      0x988
                0x01013c18                PROVIDE (__ram_rodata_start, ABSOLUTE (.))
                0x01013c18                . = ALIGN (0x4)
 *(.rodata .rodata.* .gnu.linkonce.r.*)
 .rodata        0x01013c18       0x70 obj/default/chap_9.o
 .rodata        0x01013c88      0x1a8 obj/default/drv.o
 .rodata        0x01013e30      0x150 obj/default/hal.o
 .rodata        0x01013f80        0xc obj/default/isr.o
 .rodata.str1.4
                0x01013f8c        0x2 d:/altera/11.0sp1/nios2eds/bin/gnu/h-i686-mingw32/bin/../lib/gcc/nios2-elf/4.1.2/../../../../nios2-elf/lib\libc.a(lib_a-impure.o)
                                  0x4 (size before relaxing)
 *fill*         0x01013f8e        0x2 00
 .rodata.str1.4
                0x01013f90        0x2 d:/altera/11.0sp1/nios2eds/bin/gnu/h-i686-mingw32/bin/../lib/gcc/nios2-elf/4.1.2/../../../../nios2-elf/lib\libc.a(lib_a-puts.o)
                                  0x4 (size before relaxing)
 *fill*         0x01013f92        0x2 00
 .rodata.str1.4
                0x01013f94       0x5e d:/altera/11.0sp1/nios2eds/bin/gnu/h-i686-mingw32/bin/../lib/gcc/nios2-elf/4.1.2/../../../../nios2-elf/lib\libc.a(lib_a-vfprintf.o)
                                 0x60 (size before relaxing)
 .rodata        0x01013ff2       0x20 d:/altera/11.0sp1/nios2eds/bin/gnu/h-i686-mingw32/bin/../lib/gcc/nios2-elf/4.1.2/../../../../nios2-elf/lib\libc.a(lib_a-vfprintf.o)
 *fill*         0x01014012        0x2 00
 .rodata.str1.4
                0x01014014       0x10 d:/altera/11.0sp1/nios2eds/bin/gnu/h-i686-mingw32/bin/../lib/gcc/nios2-elf/4.1.2/../../../../nios2-elf/lib\libc.a(lib_a-dtoa.o)
                                 0x14 (size before relaxing)
 .rodata.str1.4
                0x01014024       0x10 d:/altera/11.0sp1/nios2eds/bin/gnu/h-i686-mingw32/bin/../lib/gcc/nios2-elf/4.1.2/../../../../nios2-elf/lib\libc.a(lib_a-locale.o)
                                 0x18 (size before relaxing)
 .rodata        0x01014034       0x30 d:/altera/11.0sp1/nios2eds/bin/gnu/h-i686-mingw32/bin/../lib/gcc/nios2-elf/4.1.2/../../../../nios2-elf/lib\libc.a(lib_a-locale.o)
 .rodata        0x01014064      0x124 d:/altera/11.0sp1/nios2eds/bin/gnu/h-i686-mingw32/bin/../lib/gcc/nios2-elf/4.1.2/../../../../nios2-elf/lib\libc.a(lib_a-mprec.o)
                0x01014064                __mprec_tens
                0x0101412c                __mprec_bigtens
                0x01014154                __mprec_tinytens
 .rodata        0x01014188       0x14 d:/altera/11.0sp1/nios2eds/bin/gnu/h-i686-mingw32/bin/../lib/gcc/nios2-elf/4.1.2\libgcc.a(_thenan_df.o)
                0x01014188                __thenan_df
 .rodata        0x0101419c      0x100 d:/altera/11.0sp1/nios2eds/bin/gnu/h-i686-mingw32/bin/../lib/gcc/nios2-elf/4.1.2\libgcc.a(_clz.o)
                0x0101419c                __clz_tab
 .rodata        0x0101429c        0xc ../isp_bsp/\libhal_bsp.a(alt_dev.o)
 .rodata        0x010142a8       0x14 ../isp_bsp/\libhal_bsp.a(alt_main.o)
 .rodata        0x010142bc       0x60 ../isp_bsp/\libhal_bsp.a(alt_sys_init.o)
 .rodata        0x0101431c      0x281 d:/altera/11.0sp1/nios2eds/bin/gnu/h-i686-mingw32/bin/../lib/gcc/nios2-elf/4.1.2/../../../../nios2-elf/lib\libc.a(lib_a-ctype_.o)
                0x0101431c                _ctype_
 *(.rodata1)
                0x010145a0                . = ALIGN (0x4)
 *fill*         0x0101459d        0x3 00
                0x010145a0                PROVIDE (__ram_rodata_end, ABSOLUTE (.))
                0x01013c18                PROVIDE (__flash_rodata_start, LOADADDR (.rodata))

.rwdata         0x010145a0     0x1f24
                0x010145a0                PROVIDE (__ram_rwdata_start, ABSOLUTE (.))
                0x010145a0                . = ALIGN (0x4)
 *(.got.plt)
 *(.got)
 *(.data1)
 *(.data .data.* .gnu.linkonce.d.*)
 .data          0x010145a0        0x0 ../isp_bsp//obj/HAL/src/crt0.o
 .data          0x010145a0       0x32 obj/default/chap_9.o
                0x010145a0                DeviceDescr
                0x010145b2                ConfigDescr
 *fill*         0x010145d2        0x2 00
 .data          0x010145d4       0xf8 obj/default/drv.o
                0x010145d4                StandardDeviceRequest
                0x01014608                _NAME_USB_REQUEST_TYPE
                0x01014618                _NAME_USB_STANDARD_REQUEST
                0x0101464c                VendorDeviceRequest
                0x0101468c                _NAME_USB_VENDOR_REQUEST
 .data          0x010146cc        0x0 obj/default/hal.o
 .data          0x010146cc        0x0 obj/default/isr.o
 .data          0x010146cc        0x0 obj/default/main.o
 .data          0x010146cc        0x0 obj/default/usb_irq.o
 .data          0x010146cc      0x400 d:/altera/11.0sp1/nios2eds/bin/gnu/h-i686-mingw32/bin/../lib/gcc/nios2-elf/4.1.2/../../../../nios2-elf/lib\libc.a(lib_a-impure.o)
 .data          0x01014acc        0x0 d:/altera/11.0sp1/nios2eds/bin/gnu/h-i686-mingw32/bin/../lib/gcc/nios2-elf/4.1.2/../../../../nios2-elf/lib\libc.a(lib_a-printf.o)
 .data          0x01014acc        0x0 d:/altera/11.0sp1/nios2eds/bin/gnu/h-i686-mingw32/bin/../lib/gcc/nios2-elf/4.1.2/../../../../nios2-elf/lib\libc.a(lib_a-putc.o)
 .data          0x01014acc        0x0 d:/altera/11.0sp1/nios2eds/bin/gnu/h-i686-mingw32/bin/../lib/gcc/nios2-elf/4.1.2/../../../../nios2-elf/lib\libc.a(lib_a-putchar.o)
 .data          0x01014acc        0x0 d:/altera/11.0sp1/nios2eds/bin/gnu/h-i686-mingw32/bin/../lib/gcc/nios2-elf/4.1.2/../../../../nios2-elf/lib\libc.a(lib_a-puts.o)
 .data          0x01014acc        0x0 d:/altera/11.0sp1/nios2eds/bin/gnu/h-i686-mingw32/bin/../lib/gcc/nios2-elf/4.1.2/../../../../nios2-elf/lib\libc.a(lib_a-strlen.o)
 .data          0x01014acc        0x0 d:/altera/11.0sp1/nios2eds/bin/gnu/h-i686-mingw32/bin/../lib/gcc/nios2-elf/4.1.2/../../../../nios2-elf/lib\libc.a(lib_a-vfprintf.o)
 .data          0x01014acc        0x0 d:/altera/11.0sp1/nios2eds/bin/gnu/h-i686-mingw32/bin/../lib/gcc/nios2-elf/4.1.2/../../../../nios2-elf/lib\libc.a(lib_a-wbuf.o)
 .data          0x01014acc        0x0 d:/altera/11.0sp1/nios2eds/bin/gnu/h-i686-mingw32/bin/../lib/gcc/nios2-elf/4.1.2/../../../../nios2-elf/lib\libc.a(lib_a-wsetup.o)
 .data          0x01014acc        0x0 d:/altera/11.0sp1/nios2eds/bin/gnu/h-i686-mingw32/bin/../lib/gcc/nios2-elf/4.1.2/../../../../nios2-elf/lib\libc.a(lib_a-dtoa.o)
 .data          0x01014acc        0x0 d:/altera/11.0sp1/nios2eds/bin/gnu/h-i686-mingw32/bin/../lib/gcc/nios2-elf/4.1.2/../../../../nios2-elf/lib\libc.a(lib_a-fflush.o)
 .data          0x01014acc        0x0 d:/altera/11.0sp1/nios2eds/bin/gnu/h-i686-mingw32/bin/../lib/gcc/nios2-elf/4.1.2/../../../../nios2-elf/lib\libc.a(lib_a-findfp.o)
 .data          0x01014acc        0x0 d:/altera/11.0sp1/nios2eds/bin/gnu/h-i686-mingw32/bin/../lib/gcc/nios2-elf/4.1.2/../../../../nios2-elf/lib\libc.a(lib_a-freer.o)
 .data          0x01014acc        0x0 d:/altera/11.0sp1/nios2eds/bin/gnu/h-i686-mingw32/bin/../lib/gcc/nios2-elf/4.1.2/../../../../nios2-elf/lib\libc.a(lib_a-fvwrite.o)
 .data          0x01014acc        0x0 d:/altera/11.0sp1/nios2eds/bin/gnu/h-i686-mingw32/bin/../lib/gcc/nios2-elf/4.1.2/../../../../nios2-elf/lib\libc.a(lib_a-fwalk.o)
 .data          0x01014acc        0xc d:/altera/11.0sp1/nios2eds/bin/gnu/h-i686-mingw32/bin/../lib/gcc/nios2-elf/4.1.2/../../../../nios2-elf/lib\libc.a(lib_a-locale.o)
                0x01014acc                __lc_ctype
 .data          0x01014ad8        0x0 d:/altera/11.0sp1/nios2eds/bin/gnu/h-i686-mingw32/bin/../lib/gcc/nios2-elf/4.1.2/../../../../nios2-elf/lib\libc.a(lib_a-makebuf.o)
 .data          0x01014ad8      0x408 d:/altera/11.0sp1/nios2eds/bin/gnu/h-i686-mingw32/bin/../lib/gcc/nios2-elf/4.1.2/../../../../nios2-elf/lib\libc.a(lib_a-mallocr.o)
                0x01014ad8                __malloc_av_
 .data          0x01014ee0        0x0 d:/altera/11.0sp1/nios2eds/bin/gnu/h-i686-mingw32/bin/../lib/gcc/nios2-elf/4.1.2/../../../../nios2-elf/lib\libc.a(lib_a-memchr.o)
 .data          0x01014ee0        0x0 d:/altera/11.0sp1/nios2eds/bin/gnu/h-i686-mingw32/bin/../lib/gcc/nios2-elf/4.1.2/../../../../nios2-elf/lib\libc.a(lib_a-memcpy.o)
 .data          0x01014ee0        0x0 d:/altera/11.0sp1/nios2eds/bin/gnu/h-i686-mingw32/bin/../lib/gcc/nios2-elf/4.1.2/../../../../nios2-elf/lib\libc.a(lib_a-memmove.o)
 .data          0x01014ee0        0x0 d:/altera/11.0sp1/nios2eds/bin/gnu/h-i686-mingw32/bin/../lib/gcc/nios2-elf/4.1.2/../../../../nios2-elf/lib\libc.a(lib_a-memset.o)
 .data          0x01014ee0        0x0 d:/altera/11.0sp1/nios2eds/bin/gnu/h-i686-mingw32/bin/../lib/gcc/nios2-elf/4.1.2/../../../../nios2-elf/lib\libc.a(lib_a-mprec.o)
 .data          0x01014ee0        0x0 d:/altera/11.0sp1/nios2eds/bin/gnu/h-i686-mingw32/bin/../lib/gcc/nios2-elf/4.1.2/../../../../nios2-elf/lib\libc.a(lib_a-reallocr.o)
 .data          0x01014ee0        0x0 d:/altera/11.0sp1/nios2eds/bin/gnu/h-i686-mingw32/bin/../lib/gcc/nios2-elf/4.1.2/../../../../nios2-elf/lib\libc.a(lib_a-s_isinfd.o)
 .data          0x01014ee0        0x0 d:/altera/11.0sp1/nios2eds/bin/gnu/h-i686-mingw32/bin/../lib/gcc/nios2-elf/4.1.2/../../../../nios2-elf/lib\libc.a(lib_a-s_isnand.o)
 .data          0x01014ee0        0x0 d:/altera/11.0sp1/nios2eds/bin/gnu/h-i686-mingw32/bin/../lib/gcc/nios2-elf/4.1.2/../../../../nios2-elf/lib\libc.a(lib_a-sbrkr.o)
 .data          0x01014ee0        0x0 d:/altera/11.0sp1/nios2eds/bin/gnu/h-i686-mingw32/bin/../lib/gcc/nios2-elf/4.1.2/../../../../nios2-elf/lib\libc.a(lib_a-stdio.o)
 .data          0x01014ee0        0x0 d:/altera/11.0sp1/nios2eds/bin/gnu/h-i686-mingw32/bin/../lib/gcc/nios2-elf/4.1.2/../../../../nios2-elf/lib\libc.a(lib_a-strcmp.o)
 .data          0x01014ee0        0x0 d:/altera/11.0sp1/nios2eds/bin/gnu/h-i686-mingw32/bin/../lib/gcc/nios2-elf/4.1.2/../../../../nios2-elf/lib\libc.a(lib_a-writer.o)
 .data          0x01014ee0        0x0 d:/altera/11.0sp1/nios2eds/bin/gnu/h-i686-mingw32/bin/../lib/gcc/nios2-elf/4.1.2/../../../../nios2-elf/lib\libc.a(lib_a-callocr.o)
 .data          0x01014ee0        0x0 d:/altera/11.0sp1/nios2eds/bin/gnu/h-i686-mingw32/bin/../lib/gcc/nios2-elf/4.1.2/../../../../nios2-elf/lib\libc.a(lib_a-closer.o)
 .data          0x01014ee0        0x0 d:/altera/11.0sp1/nios2eds/bin/gnu/h-i686-mingw32/bin/../lib/gcc/nios2-elf/4.1.2/../../../../nios2-elf/lib\libc.a(lib_a-fclose.o)
 .data          0x01014ee0        0x0 d:/altera/11.0sp1/nios2eds/bin/gnu/h-i686-mingw32/bin/../lib/gcc/nios2-elf/4.1.2/../../../../nios2-elf/lib\libc.a(lib_a-fstatr.o)
 .data          0x01014ee0        0x0 d:/altera/11.0sp1/nios2eds/bin/gnu/h-i686-mingw32/bin/../lib/gcc/nios2-elf/4.1.2/../../../../nios2-elf/lib\libc.a(lib_a-int_errno.o)
 .data          0x01014ee0        0x0 d:/altera/11.0sp1/nios2eds/bin/gnu/h-i686-mingw32/bin/../lib/gcc/nios2-elf/4.1.2/../../../../nios2-elf/lib\libc.a(lib_a-isattyr.o)
 .data          0x01014ee0        0x0 d:/altera/11.0sp1/nios2eds/bin/gnu/h-i686-mingw32/bin/../lib/gcc/nios2-elf/4.1.2/../../../../nios2-elf/lib\libc.a(lib_a-lseekr.o)
 .data          0x01014ee0        0x0 d:/altera/11.0sp1/nios2eds/bin/gnu/h-i686-mingw32/bin/../lib/gcc/nios2-elf/4.1.2/../../../../nios2-elf/lib\libc.a(lib_a-readr.o)
 .data          0x01014ee0        0x0 d:/altera/11.0sp1/nios2eds/bin/gnu/h-i686-mingw32/bin/../lib/gcc/nios2-elf/4.1.2\libgcc.a(_udivdi3.o)
 .data          0x01014ee0        0x0 d:/altera/11.0sp1/nios2eds/bin/gnu/h-i686-mingw32/bin/../lib/gcc/nios2-elf/4.1.2\libgcc.a(_umoddi3.o)
 .data          0x01014ee0        0x0 d:/altera/11.0sp1/nios2eds/bin/gnu/h-i686-mingw32/bin/../lib/gcc/nios2-elf/4.1.2\libgcc.a(_addsub_df.o)
 .data          0x01014ee0        0x0 d:/altera/11.0sp1/nios2eds/bin/gnu/h-i686-mingw32/bin/../lib/gcc/nios2-elf/4.1.2\libgcc.a(_mul_df.o)
 .data          0x01014ee0        0x0 d:/altera/11.0sp1/nios2eds/bin/gnu/h-i686-mingw32/bin/../lib/gcc/nios2-elf/4.1.2\libgcc.a(_div_df.o)
 .data          0x01014ee0        0x0 d:/altera/11.0sp1/nios2eds/bin/gnu/h-i686-mingw32/bin/../lib/gcc/nios2-elf/4.1.2\libgcc.a(_eq_df.o)
 .data          0x01014ee0        0x0 d:/altera/11.0sp1/nios2eds/bin/gnu/h-i686-mingw32/bin/../lib/gcc/nios2-elf/4.1.2\libgcc.a(_ne_df.o)
 .data          0x01014ee0        0x0 d:/altera/11.0sp1/nios2eds/bin/gnu/h-i686-mingw32/bin/../lib/gcc/nios2-elf/4.1.2\libgcc.a(_gt_df.o)
 .data          0x01014ee0        0x0 d:/altera/11.0sp1/nios2eds/bin/gnu/h-i686-mingw32/bin/../lib/gcc/nios2-elf/4.1.2\libgcc.a(_ge_df.o)
 .data          0x01014ee0        0x0 d:/altera/11.0sp1/nios2eds/bin/gnu/h-i686-mingw32/bin/../lib/gcc/nios2-elf/4.1.2\libgcc.a(_lt_df.o)
 .data          0x01014ee0        0x0 d:/altera/11.0sp1/nios2eds/bin/gnu/h-i686-mingw32/bin/../lib/gcc/nios2-elf/4.1.2\libgcc.a(_si_to_df.o)
 .data          0x01014ee0        0x0 d:/altera/11.0sp1/nios2eds/bin/gnu/h-i686-mingw32/bin/../lib/gcc/nios2-elf/4.1.2\libgcc.a(_df_to_si.o)
 .data          0x01014ee0        0x0 d:/altera/11.0sp1/nios2eds/bin/gnu/h-i686-mingw32/bin/../lib/gcc/nios2-elf/4.1.2\libgcc.a(_thenan_df.o)
 .data          0x01014ee0        0x0 d:/altera/11.0sp1/nios2eds/bin/gnu/h-i686-mingw32/bin/../lib/gcc/nios2-elf/4.1.2\libgcc.a(_usi_to_df.o)
 .data          0x01014ee0        0x0 d:/altera/11.0sp1/nios2eds/bin/gnu/h-i686-mingw32/bin/../lib/gcc/nios2-elf/4.1.2\libgcc.a(lib2-divmod.o)
 .data          0x01014ee0        0x0 d:/altera/11.0sp1/nios2eds/bin/gnu/h-i686-mingw32/bin/../lib/gcc/nios2-elf/4.1.2\libgcc.a(_muldi3.o)
 .data          0x01014ee0        0x0 d:/altera/11.0sp1/nios2eds/bin/gnu/h-i686-mingw32/bin/../lib/gcc/nios2-elf/4.1.2\libgcc.a(_clz.o)
 .data          0x01014ee0        0x0 d:/altera/11.0sp1/nios2eds/bin/gnu/h-i686-mingw32/bin/../lib/gcc/nios2-elf/4.1.2\libgcc.a(_clzsi2.o)
 .data          0x01014ee0        0x0 d:/altera/11.0sp1/nios2eds/bin/gnu/h-i686-mingw32/bin/../lib/gcc/nios2-elf/4.1.2\libgcc.a(_pack_df.o)
 .data          0x01014ee0        0x0 d:/altera/11.0sp1/nios2eds/bin/gnu/h-i686-mingw32/bin/../lib/gcc/nios2-elf/4.1.2\libgcc.a(_unpack_df.o)
 .data          0x01014ee0        0x0 d:/altera/11.0sp1/nios2eds/bin/gnu/h-i686-mingw32/bin/../lib/gcc/nios2-elf/4.1.2\libgcc.a(_fpcmp_parts_df.o)
 .data          0x01014ee0        0x0 ../isp_bsp/\libhal_bsp.a(alt_close.o)
 .data          0x01014ee0      0x1a8 ../isp_bsp/\libhal_bsp.a(alt_dev.o)
                0x01014ee0                alt_dev_null
                0x01014f08                alt_fd_list
 .data          0x01015088        0x0 ../isp_bsp/\libhal_bsp.a(alt_errno.o)
 .data          0x01015088        0x0 ../isp_bsp/\libhal_bsp.a(alt_fstat.o)
 .data          0x01015088        0x0 ../isp_bsp/\libhal_bsp.a(alt_irq_register.o)
 .data          0x01015088        0x0 ../isp_bsp/\libhal_bsp.a(alt_irq_vars.o)
 .data          0x01015088        0x0 ../isp_bsp/\libhal_bsp.a(alt_isatty.o)
 .data          0x01015088        0x0 ../isp_bsp/\libhal_bsp.a(alt_lseek.o)
 .data          0x01015088        0x0 ../isp_bsp/\libhal_bsp.a(alt_main.o)
 .data          0x01015088        0x0 ../isp_bsp/\libhal_bsp.a(alt_malloc_lock.o)
 .data          0x01015088        0x0 ../isp_bsp/\libhal_bsp.a(alt_read.o)
 .data          0x01015088        0x0 ../isp_bsp/\libhal_bsp.a(alt_release_fd.o)
 .data          0x01015088        0x0 ../isp_bsp/\libhal_bsp.a(alt_sbrk.o)
 .data          0x01015088        0x0 ../isp_bsp/\libhal_bsp.a(alt_usleep.o)
 .data          0x01015088        0x0 ../isp_bsp/\libhal_bsp.a(alt_write.o)
 .data          0x01015088     0x13e0 ../isp_bsp/\libhal_bsp.a(alt_sys_init.o)
 .data          0x01016468        0x0 ../isp_bsp/\libhal_bsp.a(altera_avalon_cfi_flash.o)
 .data          0x01016468        0x0 ../isp_bsp/\libhal_bsp.a(altera_avalon_cfi_flash_table.o)
 .data          0x01016468        0x0 ../isp_bsp/\libhal_bsp.a(altera_avalon_epcs_flash_controller.o)
 .data          0x01016468        0x0 ../isp_bsp/\libhal_bsp.a(altera_avalon_jtag_uart_fd.o)
 .data          0x01016468        0x0 ../isp_bsp/\libhal_bsp.a(altera_avalon_jtag_uart_init.o)
 .data          0x01016468        0x0 ../isp_bsp/\libhal_bsp.a(altera_avalon_jtag_uart_ioctl.o)
 .data          0x01016468        0x0 ../isp_bsp/\libhal_bsp.a(altera_avalon_jtag_uart_read.o)
 .data          0x01016468        0x0 ../isp_bsp/\libhal_bsp.a(altera_avalon_jtag_uart_write.o)
 .data          0x01016468        0x0 ../isp_bsp/\libhal_bsp.a(altera_avalon_lcd_16207.o)
 .data          0x01016468        0x0 ../isp_bsp/\libhal_bsp.a(altera_avalon_lcd_16207_fd.o)
 .data          0x01016468        0x0 ../isp_bsp/\libhal_bsp.a(altera_avalon_timer_sc.o)
 .data          0x01016468        0x0 ../isp_bsp/\libhal_bsp.a(altera_avalon_uart_fd.o)
 .data          0x01016468        0x0 ../isp_bsp/\libhal_bsp.a(altera_avalon_uart_init.o)
 .data          0x01016468        0x0 ../isp_bsp/\libhal_bsp.a(altera_avalon_uart_read.o)
 .data          0x01016468        0x0 ../isp_bsp/\libhal_bsp.a(altera_avalon_uart_write.o)
 .data          0x01016468        0x0 ../isp_bsp/\libhal_bsp.a(epcs_commands.o)
 .data          0x01016468        0x0 ../isp_bsp/\libhal_bsp.a(alt_alarm_start.o)
 .data          0x01016468        0x0 ../isp_bsp/\libhal_bsp.a(alt_busy_sleep.o)
 .data          0x01016468        0x0 ../isp_bsp/\libhal_bsp.a(alt_dcache_flush.o)
 .data          0x01016468        0x0 ../isp_bsp/\libhal_bsp.a(alt_dev_llist_insert.o)
 .data          0x01016468        0x0 ../isp_bsp/\libhal_bsp.a(alt_do_ctors.o)
 .data          0x01016468        0x0 ../isp_bsp/\libhal_bsp.a(alt_do_dtors.o)
 .data          0x01016468        0x0 ../isp_bsp/\libhal_bsp.a(alt_flash_dev.o)
 .data          0x01016468        0x0 ../isp_bsp/\libhal_bsp.a(alt_iic.o)
 .data          0x01016468        0x0 ../isp_bsp/\libhal_bsp.a(alt_iic_isr_register.o)
 .data          0x01016468        0x0 ../isp_bsp/\libhal_bsp.a(alt_io_redirect.o)
 .data          0x01016468        0x0 ../isp_bsp/\libhal_bsp.a(alt_irq_entry.o)
 .data          0x01016468        0x0 ../isp_bsp/\libhal_bsp.a(alt_irq_handler.o)
 .data          0x01016468        0x0 ../isp_bsp/\libhal_bsp.a(alt_open.o)
 .data          0x01016468        0x0 ../isp_bsp/\libhal_bsp.a(alt_tick.o)
 .data          0x01016468        0x0 ../isp_bsp/\libhal_bsp.a(altera_nios2_irq.o)
 .data          0x01016468        0x0 ../isp_bsp/\libhal_bsp.a(altera_avalon_cfi_flash_amd.o)
 .data          0x01016468        0x0 ../isp_bsp/\libhal_bsp.a(altera_avalon_cfi_flash_intel.o)
 .data          0x01016468        0x0 ../isp_bsp/\libhal_bsp.a(altera_avalon_spi.o)
 .data          0x01016468        0x0 ../isp_bsp/\libhal_bsp.a(alt_exception_entry.o)
 .data          0x01016468        0x0 ../isp_bsp/\libhal_bsp.a(alt_find_dev.o)
 .data          0x01016468        0x0 ../isp_bsp/\libhal_bsp.a(alt_find_file.o)
 .data          0x01016468        0x0 ../isp_bsp/\libhal_bsp.a(alt_get_fd.o)
 .data          0x01016468        0x0 d:/altera/11.0sp1/nios2eds/bin/gnu/h-i686-mingw32/bin/../lib/gcc/nios2-elf/4.1.2/../../../../nios2-elf/lib\libc.a(lib_a-atexit.o)
 .data          0x01016468        0x0 d:/altera/11.0sp1/nios2eds/bin/gnu/h-i686-mingw32/bin/../lib/gcc/nios2-elf/4.1.2/../../../../nios2-elf/lib\libc.a(lib_a-ctype_.o)
 .data          0x01016468        0x0 d:/altera/11.0sp1/nios2eds/bin/gnu/h-i686-mingw32/bin/../lib/gcc/nios2-elf/4.1.2/../../../../nios2-elf/lib\libc.a(lib_a-exit.o)
 .data          0x01016468        0x0 d:/altera/11.0sp1/nios2eds/bin/gnu/h-i686-mingw32/bin/../lib/gcc/nios2-elf/4.1.2/../../../../nios2-elf/lib\libc.a(lib_a-memcmp.o)
 .data          0x01016468        0x0 d:/altera/11.0sp1/nios2eds/bin/gnu/h-i686-mingw32/bin/../lib/gcc/nios2-elf/4.1.2/../../../../nios2-elf/lib\libc.a(lib_a-__atexit.o)
 .data          0x01016468        0x0 d:/altera/11.0sp1/nios2eds/bin/gnu/h-i686-mingw32/bin/../lib/gcc/nios2-elf/4.1.2/../../../../nios2-elf/lib\libc.a(lib_a-__call_atexit.o)
 .data          0x01016468        0x0 ../isp_bsp/\libhal_bsp.a(alt_exit.o)
                0x0101e468                _gp = ABSOLUTE ((. + 0x8000))
                0x0101e468                PROVIDE (gp, _gp)
 *(.rwdata .rwdata.*)
 *(.sdata .sdata.* .gnu.linkonce.s.*)
 .sdata         0x01016468        0x8 obj/default/drv.o
                0x01016468                ClassDeviceRequest
                0x0101646c                _NAME_USB_CLASS_REQUEST
 .sdata         0x01016470        0x1 obj/default/usb_irq.o
                0x01016470                INT_Enabled
 *fill*         0x01016471        0x3 00
 .sdata         0x01016474        0x8 d:/altera/11.0sp1/nios2eds/bin/gnu/h-i686-mingw32/bin/../lib/gcc/nios2-elf/4.1.2/../../../../nios2-elf/lib\libc.a(lib_a-impure.o)
                0x01016474                _impure_ptr
                0x01016478                _global_impure_ptr
 .sdata         0x0101647c        0x8 d:/altera/11.0sp1/nios2eds/bin/gnu/h-i686-mingw32/bin/../lib/gcc/nios2-elf/4.1.2/../../../../nios2-elf/lib\libc.a(lib_a-locale.o)
                0x0101647c                __mb_cur_max
 .sdata         0x01016484        0x8 d:/altera/11.0sp1/nios2eds/bin/gnu/h-i686-mingw32/bin/../lib/gcc/nios2-elf/4.1.2/../../../../nios2-elf/lib\libc.a(lib_a-mallocr.o)
                0x01016484                __malloc_trim_threshold
                0x01016488                __malloc_sbrk_base
 .sdata         0x0101648c       0x14 ../isp_bsp/\libhal_bsp.a(alt_dev.o)
                0x0101648c                alt_fs_list
                0x01016494                alt_dev_list
                0x0101649c                alt_max_fd
 .sdata         0x010164a0        0x4 ../isp_bsp/\libhal_bsp.a(alt_errno.o)
                0x010164a0                alt_errno
 .sdata         0x010164a4        0x4 ../isp_bsp/\libhal_bsp.a(alt_irq_vars.o)
                0x010164a4                alt_priority_mask
 .sdata         0x010164a8        0x4 ../isp_bsp/\libhal_bsp.a(alt_sbrk.o)
 .sdata         0x010164ac        0x4 ../isp_bsp/\libhal_bsp.a(altera_avalon_lcd_16207.o)
 .sdata         0x010164b0        0x8 ../isp_bsp/\libhal_bsp.a(alt_flash_dev.o)
                0x010164b0                alt_flash_dev_list
 .sdata         0x010164b8        0x8 ../isp_bsp/\libhal_bsp.a(alt_tick.o)
                0x010164b8                alt_alarm_list
 .sdata         0x010164c0        0x4 d:/altera/11.0sp1/nios2eds/bin/gnu/h-i686-mingw32/bin/../lib/gcc/nios2-elf/4.1.2/../../../../nios2-elf/lib\libc.a(lib_a-ctype_.o)
                0x010164c0                __ctype_ptr
 *(.sdata2 .sdata2.* .gnu.linkonce.s2.*)
                0x010164c4                . = ALIGN (0x4)
                0x010164c4                _edata = ABSOLUTE (.)
                0x010164c4                PROVIDE (edata, ABSOLUTE (.))
                0x010164c4                PROVIDE (__ram_rwdata_end, ABSOLUTE (.))
                0x010145a0                PROVIDE (__flash_rwdata_start, LOADADDR (.rwdata))

.bss            0x010164c4      0x308
                0x010164c4                __bss_start = ABSOLUTE (.)
                0x010164c4                PROVIDE (__sbss_start, ABSOLUTE (.))
                0x010164c4                PROVIDE (___sbss_start, ABSOLUTE (.))
 *(.dynsbss)
 *(.sbss .sbss.* .gnu.linkonce.sb.*)
 .sbss          0x010164c4        0x4 obj/default/drv.o
                0x010164c4                debug
 .sbss          0x010164c8        0x3 obj/default/isr.o
                0x010164c8                bUSBCheck_Device_State
 *fill*         0x010164cb        0x1 00
 .sbss          0x010164cc        0xe obj/default/main.o
                0x010164cc                st_dev
                0x010164d0                bD13flags
                0x010164d2                DeviceRequest
 *fill*         0x010164da        0x2 00
 .sbss          0x010164dc        0x4 obj/default/usb_irq.o
                0x010164dc                status
 .sbss          0x010164e0        0xc d:/altera/11.0sp1/nios2eds/bin/gnu/h-i686-mingw32/bin/../lib/gcc/nios2-elf/4.1.2/../../../../nios2-elf/lib\libc.a(lib_a-locale.o)
                0x010164e0                __nlocale_changed
                0x010164e4                __mlocale_changed
                0x010164e8                _PathLocale
 .sbss          0x010164ec        0xc d:/altera/11.0sp1/nios2eds/bin/gnu/h-i686-mingw32/bin/../lib/gcc/nios2-elf/4.1.2/../../../../nios2-elf/lib\libc.a(lib_a-mallocr.o)
                0x010164ec                __malloc_top_pad
                0x010164f0                __malloc_max_sbrked_mem
                0x010164f4                __malloc_max_total_mem
 .sbss          0x010164f8        0x4 d:/altera/11.0sp1/nios2eds/bin/gnu/h-i686-mingw32/bin/../lib/gcc/nios2-elf/4.1.2/../../../../nios2-elf/lib\libc.a(lib_a-int_errno.o)
                0x010164f8                errno
 .sbss          0x010164fc        0x4 ../isp_bsp/\libhal_bsp.a(alt_irq_vars.o)
                0x010164fc                alt_irq_active
 .sbss          0x01016500        0xc ../isp_bsp/\libhal_bsp.a(alt_main.o)
                0x01016500                alt_argc
                0x01016504                alt_argv
                0x01016508                alt_envp
 .sbss          0x0101650c        0x8 ../isp_bsp/\libhal_bsp.a(alt_tick.o)
                0x0101650c                _alt_tick_rate
                0x01016510                _alt_nticks
 *(.sbss2 .sbss2.* .gnu.linkonce.sb2.*)
 *(.scommon)
                0x01016514                PROVIDE (__sbss_end, ABSOLUTE (.))
                0x01016514                PROVIDE (___sbss_end, ABSOLUTE (.))
 *(.dynbss)
 *(.bss .bss.* .gnu.linkonce.b.*)
 .bss           0x01016514        0x0 ../isp_bsp//obj/HAL/src/crt0.o
 .bss           0x01016514        0x0 obj/default/chap_9.o
 .bss           0x01016514        0x0 obj/default/drv.o
 .bss           0x01016514        0x0 obj/default/hal.o
 .bss           0x01016514        0x0 obj/default/isr.o
 .bss           0x01016514        0x0 obj/default/main.o
 .bss           0x01016514        0x0 obj/default/usb_irq.o
 .bss           0x01016514        0x0 d:/altera/11.0sp1/nios2eds/bin/gnu/h-i686-mingw32/bin/../lib/gcc/nios2-elf/4.1.2/../../../../nios2-elf/lib\libc.a(lib_a-impure.o)
 .bss           0x01016514        0x0 d:/altera/11.0sp1/nios2eds/bin/gnu/h-i686-mingw32/bin/../lib/gcc/nios2-elf/4.1.2/../../../../nios2-elf/lib\libc.a(lib_a-printf.o)
 .bss           0x01016514        0x0 d:/altera/11.0sp1/nios2eds/bin/gnu/h-i686-mingw32/bin/../lib/gcc/nios2-elf/4.1.2/../../../../nios2-elf/lib\libc.a(lib_a-putc.o)
 .bss           0x01016514        0x0 d:/altera/11.0sp1/nios2eds/bin/gnu/h-i686-mingw32/bin/../lib/gcc/nios2-elf/4.1.2/../../../../nios2-elf/lib\libc.a(lib_a-putchar.o)
 .bss           0x01016514        0x0 d:/altera/11.0sp1/nios2eds/bin/gnu/h-i686-mingw32/bin/../lib/gcc/nios2-elf/4.1.2/../../../../nios2-elf/lib\libc.a(lib_a-puts.o)
 .bss           0x01016514        0x0 d:/altera/11.0sp1/nios2eds/bin/gnu/h-i686-mingw32/bin/../lib/gcc/nios2-elf/4.1.2/../../../../nios2-elf/lib\libc.a(lib_a-strlen.o)
 .bss           0x01016514        0x0 d:/altera/11.0sp1/nios2eds/bin/gnu/h-i686-mingw32/bin/../lib/gcc/nios2-elf/4.1.2/../../../../nios2-elf/lib\libc.a(lib_a-vfprintf.o)
 .bss           0x01016514        0x0 d:/altera/11.0sp1/nios2eds/bin/gnu/h-i686-mingw32/bin/../lib/gcc/nios2-elf/4.1.2/../../../../nios2-elf/lib\libc.a(lib_a-wbuf.o)
 .bss           0x01016514        0x0 d:/altera/11.0sp1/nios2eds/bin/gnu/h-i686-mingw32/bin/../lib/gcc/nios2-elf/4.1.2/../../../../nios2-elf/lib\libc.a(lib_a-wsetup.o)
 .bss           0x01016514        0x0 d:/altera/11.0sp1/nios2eds/bin/gnu/h-i686-mingw32/bin/../lib/gcc/nios2-elf/4.1.2/../../../../nios2-elf/lib\libc.a(lib_a-dtoa.o)
 .bss           0x01016514        0x0 d:/altera/11.0sp1/nios2eds/bin/gnu/h-i686-mingw32/bin/../lib/gcc/nios2-elf/4.1.2/../../../../nios2-elf/lib\libc.a(lib_a-fflush.o)
 .bss           0x01016514        0x0 d:/altera/11.0sp1/nios2eds/bin/gnu/h-i686-mingw32/bin/../lib/gcc/nios2-elf/4.1.2/../../../../nios2-elf/lib\libc.a(lib_a-findfp.o)
 .bss           0x01016514        0x0 d:/altera/11.0sp1/nios2eds/bin/gnu/h-i686-mingw32/bin/../lib/gcc/nios2-elf/4.1.2/../../../../nios2-elf/lib\libc.a(lib_a-freer.o)
 .bss           0x01016514        0x0 d:/altera/11.0sp1/nios2eds/bin/gnu/h-i686-mingw32/bin/../lib/gcc/nios2-elf/4.1.2/../../../../nios2-elf/lib\libc.a(lib_a-fvwrite.o)
 .bss           0x01016514        0x0 d:/altera/11.0sp1/nios2eds/bin/gnu/h-i686-mingw32/bin/../lib/gcc/nios2-elf/4.1.2/../../../../nios2-elf/lib\libc.a(lib_a-fwalk.o)
 .bss           0x01016514        0x0 d:/altera/11.0sp1/nios2eds/bin/gnu/h-i686-mingw32/bin/../lib/gcc/nios2-elf/4.1.2/../../../../nios2-elf/lib\libc.a(lib_a-locale.o)
 .bss           0x01016514        0x0 d:/altera/11.0sp1/nios2eds/bin/gnu/h-i686-mingw32/bin/../lib/gcc/nios2-elf/4.1.2/../../../../nios2-elf/lib\libc.a(lib_a-makebuf.o)
 .bss           0x01016514       0x28 d:/altera/11.0sp1/nios2eds/bin/gnu/h-i686-mingw32/bin/../lib/gcc/nios2-elf/4.1.2/../../../../nios2-elf/lib\libc.a(lib_a-mallocr.o)
                0x01016514                __malloc_current_mallinfo
 .bss           0x0101653c        0x0 d:/altera/11.0sp1/nios2eds/bin/gnu/h-i686-mingw32/bin/../lib/gcc/nios2-elf/4.1.2/../../../../nios2-elf/lib\libc.a(lib_a-memchr.o)
 .bss           0x0101653c        0x0 d:/altera/11.0sp1/nios2eds/bin/gnu/h-i686-mingw32/bin/../lib/gcc/nios2-elf/4.1.2/../../../../nios2-elf/lib\libc.a(lib_a-memcpy.o)
 .bss           0x0101653c        0x0 d:/altera/11.0sp1/nios2eds/bin/gnu/h-i686-mingw32/bin/../lib/gcc/nios2-elf/4.1.2/../../../../nios2-elf/lib\libc.a(lib_a-memmove.o)
 .bss           0x0101653c        0x0 d:/altera/11.0sp1/nios2eds/bin/gnu/h-i686-mingw32/bin/../lib/gcc/nios2-elf/4.1.2/../../../../nios2-elf/lib\libc.a(lib_a-memset.o)
 .bss           0x0101653c        0x0 d:/altera/11.0sp1/nios2eds/bin/gnu/h-i686-mingw32/bin/../lib/gcc/nios2-elf/4.1.2/../../../../nios2-elf/lib\libc.a(lib_a-mprec.o)
 .bss           0x0101653c        0x0 d:/altera/11.0sp1/nios2eds/bin/gnu/h-i686-mingw32/bin/../lib/gcc/nios2-elf/4.1.2/../../../../nios2-elf/lib\libc.a(lib_a-reallocr.o)
 .bss           0x0101653c        0x0 d:/altera/11.0sp1/nios2eds/bin/gnu/h-i686-mingw32/bin/../lib/gcc/nios2-elf/4.1.2/../../../../nios2-elf/lib\libc.a(lib_a-s_isinfd.o)
 .bss           0x0101653c        0x0 d:/altera/11.0sp1/nios2eds/bin/gnu/h-i686-mingw32/bin/../lib/gcc/nios2-elf/4.1.2/../../../../nios2-elf/lib\libc.a(lib_a-s_isnand.o)
 .bss           0x0101653c        0x0 d:/altera/11.0sp1/nios2eds/bin/gnu/h-i686-mingw32/bin/../lib/gcc/nios2-elf/4.1.2/../../../../nios2-elf/lib\libc.a(lib_a-sbrkr.o)
 .bss           0x0101653c        0x0 d:/altera/11.0sp1/nios2eds/bin/gnu/h-i686-mingw32/bin/../lib/gcc/nios2-elf/4.1.2/../../../../nios2-elf/lib\libc.a(lib_a-stdio.o)
 .bss           0x0101653c        0x0 d:/altera/11.0sp1/nios2eds/bin/gnu/h-i686-mingw32/bin/../lib/gcc/nios2-elf/4.1.2/../../../../nios2-elf/lib\libc.a(lib_a-strcmp.o)
 .bss           0x0101653c        0x0 d:/altera/11.0sp1/nios2eds/bin/gnu/h-i686-mingw32/bin/../lib/gcc/nios2-elf/4.1.2/../../../../nios2-elf/lib\libc.a(lib_a-writer.o)
 .bss           0x0101653c        0x0 d:/altera/11.0sp1/nios2eds/bin/gnu/h-i686-mingw32/bin/../lib/gcc/nios2-elf/4.1.2/../../../../nios2-elf/lib\libc.a(lib_a-callocr.o)
 .bss           0x0101653c        0x0 d:/altera/11.0sp1/nios2eds/bin/gnu/h-i686-mingw32/bin/../lib/gcc/nios2-elf/4.1.2/../../../../nios2-elf/lib\libc.a(lib_a-closer.o)
 .bss           0x0101653c        0x0 d:/altera/11.0sp1/nios2eds/bin/gnu/h-i686-mingw32/bin/../lib/gcc/nios2-elf/4.1.2/../../../../nios2-elf/lib\libc.a(lib_a-fclose.o)
 .bss           0x0101653c        0x0 d:/altera/11.0sp1/nios2eds/bin/gnu/h-i686-mingw32/bin/../lib/gcc/nios2-elf/4.1.2/../../../../nios2-elf/lib\libc.a(lib_a-fstatr.o)
 .bss           0x0101653c        0x0 d:/altera/11.0sp1/nios2eds/bin/gnu/h-i686-mingw32/bin/../lib/gcc/nios2-elf/4.1.2/../../../../nios2-elf/lib\libc.a(lib_a-int_errno.o)
 .bss           0x0101653c        0x0 d:/altera/11.0sp1/nios2eds/bin/gnu/h-i686-mingw32/bin/../lib/gcc/nios2-elf/4.1.2/../../../../nios2-elf/lib\libc.a(lib_a-isattyr.o)
 .bss           0x0101653c        0x0 d:/altera/11.0sp1/nios2eds/bin/gnu/h-i686-mingw32/bin/../lib/gcc/nios2-elf/4.1.2/../../../../nios2-elf/lib\libc.a(lib_a-lseekr.o)
 .bss           0x0101653c        0x0 d:/altera/11.0sp1/nios2eds/bin/gnu/h-i686-mingw32/bin/../lib/gcc/nios2-elf/4.1.2/../../../../nios2-elf/lib\libc.a(lib_a-readr.o)
 .bss           0x0101653c        0x0 d:/altera/11.0sp1/nios2eds/bin/gnu/h-i686-mingw32/bin/../lib/gcc/nios2-elf/4.1.2\libgcc.a(_udivdi3.o)
 .bss           0x0101653c        0x0 d:/altera/11.0sp1/nios2eds/bin/gnu/h-i686-mingw32/bin/../lib/gcc/nios2-elf/4.1.2\libgcc.a(_umoddi3.o)
 .bss           0x0101653c        0x0 d:/altera/11.0sp1/nios2eds/bin/gnu/h-i686-mingw32/bin/../lib/gcc/nios2-elf/4.1.2\libgcc.a(_addsub_df.o)
 .bss           0x0101653c        0x0 d:/altera/11.0sp1/nios2eds/bin/gnu/h-i686-mingw32/bin/../lib/gcc/nios2-elf/4.1.2\libgcc.a(_mul_df.o)
 .bss           0x0101653c        0x0 d:/altera/11.0sp1/nios2eds/bin/gnu/h-i686-mingw32/bin/../lib/gcc/nios2-elf/4.1.2\libgcc.a(_div_df.o)
 .bss           0x0101653c        0x0 d:/altera/11.0sp1/nios2eds/bin/gnu/h-i686-mingw32/bin/../lib/gcc/nios2-elf/4.1.2\libgcc.a(_eq_df.o)
 .bss           0x0101653c        0x0 d:/altera/11.0sp1/nios2eds/bin/gnu/h-i686-mingw32/bin/../lib/gcc/nios2-elf/4.1.2\libgcc.a(_ne_df.o)
 .bss           0x0101653c        0x0 d:/altera/11.0sp1/nios2eds/bin/gnu/h-i686-mingw32/bin/../lib/gcc/nios2-elf/4.1.2\libgcc.a(_gt_df.o)
 .bss           0x0101653c        0x0 d:/altera/11.0sp1/nios2eds/bin/gnu/h-i686-mingw32/bin/../lib/gcc/nios2-elf/4.1.2\libgcc.a(_ge_df.o)
 .bss           0x0101653c        0x0 d:/altera/11.0sp1/nios2eds/bin/gnu/h-i686-mingw32/bin/../lib/gcc/nios2-elf/4.1.2\libgcc.a(_lt_df.o)
 .bss           0x0101653c        0x0 d:/altera/11.0sp1/nios2eds/bin/gnu/h-i686-mingw32/bin/../lib/gcc/nios2-elf/4.1.2\libgcc.a(_si_to_df.o)
 .bss           0x0101653c        0x0 d:/altera/11.0sp1/nios2eds/bin/gnu/h-i686-mingw32/bin/../lib/gcc/nios2-elf/4.1.2\libgcc.a(_df_to_si.o)
 .bss           0x0101653c        0x0 d:/altera/11.0sp1/nios2eds/bin/gnu/h-i686-mingw32/bin/../lib/gcc/nios2-elf/4.1.2\libgcc.a(_thenan_df.o)
 .bss           0x0101653c        0x0 d:/altera/11.0sp1/nios2eds/bin/gnu/h-i686-mingw32/bin/../lib/gcc/nios2-elf/4.1.2\libgcc.a(_usi_to_df.o)
 .bss           0x0101653c        0x0 d:/altera/11.0sp1/nios2eds/bin/gnu/h-i686-mingw32/bin/../lib/gcc/nios2-elf/4.1.2\libgcc.a(lib2-divmod.o)
 .bss           0x0101653c        0x0 d:/altera/11.0sp1/nios2eds/bin/gnu/h-i686-mingw32/bin/../lib/gcc/nios2-elf/4.1.2\libgcc.a(_muldi3.o)
 .bss           0x0101653c        0x0 d:/altera/11.0sp1/nios2eds/bin/gnu/h-i686-mingw32/bin/../lib/gcc/nios2-elf/4.1.2\libgcc.a(_clz.o)
 .bss           0x0101653c        0x0 d:/altera/11.0sp1/nios2eds/bin/gnu/h-i686-mingw32/bin/../lib/gcc/nios2-elf/4.1.2\libgcc.a(_clzsi2.o)
 .bss           0x0101653c        0x0 d:/altera/11.0sp1/nios2eds/bin/gnu/h-i686-mingw32/bin/../lib/gcc/nios2-elf/4.1.2\libgcc.a(_pack_df.o)
 .bss           0x0101653c        0x0 d:/altera/11.0sp1/nios2eds/bin/gnu/h-i686-mingw32/bin/../lib/gcc/nios2-elf/4.1.2\libgcc.a(_unpack_df.o)
 .bss           0x0101653c        0x0 d:/altera/11.0sp1/nios2eds/bin/gnu/h-i686-mingw32/bin/../lib/gcc/nios2-elf/4.1.2\libgcc.a(_fpcmp_parts_df.o)
 .bss           0x0101653c        0x0 ../isp_bsp/\libhal_bsp.a(alt_close.o)
 .bss           0x0101653c        0x0 ../isp_bsp/\libhal_bsp.a(alt_dev.o)
 .bss           0x0101653c        0x0 ../isp_bsp/\libhal_bsp.a(alt_errno.o)
 .bss           0x0101653c        0x0 ../isp_bsp/\libhal_bsp.a(alt_fstat.o)
 .bss           0x0101653c        0x0 ../isp_bsp/\libhal_bsp.a(alt_irq_register.o)
 .bss           0x0101653c        0x0 ../isp_bsp/\libhal_bsp.a(alt_irq_vars.o)
 .bss           0x0101653c        0x0 ../isp_bsp/\libhal_bsp.a(alt_isatty.o)
 .bss           0x0101653c        0x0 ../isp_bsp/\libhal_bsp.a(alt_lseek.o)
 .bss           0x0101653c        0x0 ../isp_bsp/\libhal_bsp.a(alt_main.o)
 .bss           0x0101653c        0x0 ../isp_bsp/\libhal_bsp.a(alt_malloc_lock.o)
 .bss           0x0101653c        0x0 ../isp_bsp/\libhal_bsp.a(alt_read.o)
 .bss           0x0101653c        0x0 ../isp_bsp/\libhal_bsp.a(alt_release_fd.o)
 .bss           0x0101653c        0x0 ../isp_bsp/\libhal_bsp.a(alt_sbrk.o)
 .bss           0x0101653c        0x0 ../isp_bsp/\libhal_bsp.a(alt_usleep.o)
 .bss           0x0101653c        0x0 ../isp_bsp/\libhal_bsp.a(alt_write.o)
 .bss           0x0101653c        0x0 ../isp_bsp/\libhal_bsp.a(alt_sys_init.o)
 .bss           0x0101653c        0x0 ../isp_bsp/\libhal_bsp.a(altera_avalon_cfi_flash.o)
 .bss           0x0101653c        0x0 ../isp_bsp/\libhal_bsp.a(altera_avalon_cfi_flash_table.o)
 .bss           0x0101653c        0x0 ../isp_bsp/\libhal_bsp.a(altera_avalon_epcs_flash_controller.o)
 .bss           0x0101653c        0x0 ../isp_bsp/\libhal_bsp.a(altera_avalon_jtag_uart_fd.o)
 .bss           0x0101653c        0x0 ../isp_bsp/\libhal_bsp.a(altera_avalon_jtag_uart_init.o)
 .bss           0x0101653c        0x0 ../isp_bsp/\libhal_bsp.a(altera_avalon_jtag_uart_ioctl.o)
 .bss           0x0101653c        0x0 ../isp_bsp/\libhal_bsp.a(altera_avalon_jtag_uart_read.o)
 .bss           0x0101653c        0x0 ../isp_bsp/\libhal_bsp.a(altera_avalon_jtag_uart_write.o)
 .bss           0x0101653c        0x0 ../isp_bsp/\libhal_bsp.a(altera_avalon_lcd_16207.o)
 .bss           0x0101653c        0x0 ../isp_bsp/\libhal_bsp.a(altera_avalon_lcd_16207_fd.o)
 .bss           0x0101653c        0x0 ../isp_bsp/\libhal_bsp.a(altera_avalon_timer_sc.o)
 .bss           0x0101653c        0x0 ../isp_bsp/\libhal_bsp.a(altera_avalon_uart_fd.o)
 .bss           0x0101653c        0x0 ../isp_bsp/\libhal_bsp.a(altera_avalon_uart_init.o)
 .bss           0x0101653c        0x0 ../isp_bsp/\libhal_bsp.a(altera_avalon_uart_read.o)
 .bss           0x0101653c        0x0 ../isp_bsp/\libhal_bsp.a(altera_avalon_uart_write.o)
 .bss           0x0101653c        0x0 ../isp_bsp/\libhal_bsp.a(epcs_commands.o)
 .bss           0x0101653c        0x0 ../isp_bsp/\libhal_bsp.a(alt_alarm_start.o)
 .bss           0x0101653c        0x0 ../isp_bsp/\libhal_bsp.a(alt_busy_sleep.o)
 .bss           0x0101653c        0x0 ../isp_bsp/\libhal_bsp.a(alt_dcache_flush.o)
 .bss           0x0101653c        0x0 ../isp_bsp/\libhal_bsp.a(alt_dev_llist_insert.o)
 .bss           0x0101653c        0x0 ../isp_bsp/\libhal_bsp.a(alt_do_ctors.o)
 .bss           0x0101653c        0x0 ../isp_bsp/\libhal_bsp.a(alt_do_dtors.o)
 .bss           0x0101653c        0x0 ../isp_bsp/\libhal_bsp.a(alt_flash_dev.o)
 .bss           0x0101653c        0x0 ../isp_bsp/\libhal_bsp.a(alt_iic.o)
 .bss           0x0101653c        0x0 ../isp_bsp/\libhal_bsp.a(alt_iic_isr_register.o)
 .bss           0x0101653c        0x0 ../isp_bsp/\libhal_bsp.a(alt_io_redirect.o)
 .bss           0x0101653c        0x0 ../isp_bsp/\libhal_bsp.a(alt_irq_entry.o)
 .bss           0x0101653c        0x0 ../isp_bsp/\libhal_bsp.a(alt_irq_handler.o)
 .bss           0x0101653c        0x0 ../isp_bsp/\libhal_bsp.a(alt_open.o)
 .bss           0x0101653c        0x0 ../isp_bsp/\libhal_bsp.a(alt_tick.o)
 .bss           0x0101653c        0x0 ../isp_bsp/\libhal_bsp.a(altera_nios2_irq.o)
 .bss           0x0101653c        0x0 ../isp_bsp/\libhal_bsp.a(altera_avalon_cfi_flash_amd.o)
 .bss           0x0101653c        0x0 ../isp_bsp/\libhal_bsp.a(altera_avalon_cfi_flash_intel.o)
 .bss           0x0101653c        0x0 ../isp_bsp/\libhal_bsp.a(altera_avalon_spi.o)
 .bss           0x0101653c        0x0 ../isp_bsp/\libhal_bsp.a(alt_exception_entry.o)
 .bss           0x0101653c        0x0 ../isp_bsp/\libhal_bsp.a(alt_find_dev.o)
 .bss           0x0101653c        0x0 ../isp_bsp/\libhal_bsp.a(alt_find_file.o)
 .bss           0x0101653c        0x0 ../isp_bsp/\libhal_bsp.a(alt_get_fd.o)
 .bss           0x0101653c        0x0 d:/altera/11.0sp1/nios2eds/bin/gnu/h-i686-mingw32/bin/../lib/gcc/nios2-elf/4.1.2/../../../../nios2-elf/lib\libc.a(lib_a-atexit.o)
 .bss           0x0101653c        0x0 d:/altera/11.0sp1/nios2eds/bin/gnu/h-i686-mingw32/bin/../lib/gcc/nios2-elf/4.1.2/../../../../nios2-elf/lib\libc.a(lib_a-ctype_.o)
 .bss           0x0101653c        0x0 d:/altera/11.0sp1/nios2eds/bin/gnu/h-i686-mingw32/bin/../lib/gcc/nios2-elf/4.1.2/../../../../nios2-elf/lib\libc.a(lib_a-exit.o)
 .bss           0x0101653c        0x0 d:/altera/11.0sp1/nios2eds/bin/gnu/h-i686-mingw32/bin/../lib/gcc/nios2-elf/4.1.2/../../../../nios2-elf/lib\libc.a(lib_a-memcmp.o)
 .bss           0x0101653c        0x0 d:/altera/11.0sp1/nios2eds/bin/gnu/h-i686-mingw32/bin/../lib/gcc/nios2-elf/4.1.2/../../../../nios2-elf/lib\libc.a(lib_a-__atexit.o)
 .bss           0x0101653c        0x0 d:/altera/11.0sp1/nios2eds/bin/gnu/h-i686-mingw32/bin/../lib/gcc/nios2-elf/4.1.2/../../../../nios2-elf/lib\libc.a(lib_a-__call_atexit.o)
 .bss           0x0101653c        0x0 ../isp_bsp/\libhal_bsp.a(alt_exit.o)
 *(COMMON)
 COMMON         0x0101653c      0x100 ../isp_bsp/\libhal_bsp.a(alt_irq_handler.o)
                0x0101653c                alt_irq
 COMMON         0x0101663c      0x190 d:/altera/11.0sp1/nios2eds/bin/gnu/h-i686-mingw32/bin/../lib/gcc/nios2-elf/4.1.2/../../../../nios2-elf/lib\libc.a(lib_a-atexit.o)
                0x0101663c                _atexit0
                0x010167cc                . = ALIGN (0x4)
                0x010167cc                __bss_end = ABSOLUTE (.)

.epcs_controller
                0x00682000        0x0
                0x00682000                PROVIDE (_alt_partition_epcs_controller_start, ABSOLUTE (.))
 *(.epcs_controller. epcs_controller.*)
                0x00682000                . = ALIGN (0x4)
                0x00682000                PROVIDE (_alt_partition_epcs_controller_end, ABSOLUTE (.))
                0x00682000                PROVIDE (_alt_partition_epcs_controller_load_addr, LOADADDR (.epcs_controller))

.sram_0         0x00700000        0x0
                0x00700000                PROVIDE (_alt_partition_sram_0_start, ABSOLUTE (.))
 *(.sram_0. sram_0.*)
                0x00700000                . = ALIGN (0x4)
                0x00700000                PROVIDE (_alt_partition_sram_0_end, ABSOLUTE (.))
                0x00700000                PROVIDE (_alt_partition_sram_0_load_addr, LOADADDR (.sram_0))

.sdram_0        0x010167cc        0x0
                0x010167cc                PROVIDE (_alt_partition_sdram_0_start, ABSOLUTE (.))
 *(.sdram_0. sdram_0.*)
                0x010167cc                . = ALIGN (0x4)
                0x010167cc                PROVIDE (_alt_partition_sdram_0_end, ABSOLUTE (.))
                0x010167cc                _end = ABSOLUTE (.)
                0x010167cc                end = ABSOLUTE (.)
                0x010167cc                __alt_stack_base = ABSOLUTE (.)
                0x010167cc                PROVIDE (_alt_partition_sdram_0_load_addr, LOADADDR (.sdram_0))

.cfi_flash_0    0x01800020        0x0
                0x01800020                PROVIDE (_alt_partition_cfi_flash_0_start, ABSOLUTE (.))
 *(.cfi_flash_0. cfi_flash_0.*)
                0x01800020                . = ALIGN (0x4)
                0x01800020                PROVIDE (_alt_partition_cfi_flash_0_end, ABSOLUTE (.))
                0x01800020                PROVIDE (_alt_partition_cfi_flash_0_load_addr, LOADADDR (.cfi_flash_0))

.stab
 *(.stab)

.stabstr
 *(.stabstr)

.stab.excl
 *(.stab.excl)

.stab.exclstr
 *(.stab.exclstr)

.stab.index
 *(.stab.index)

.stab.indexstr
 *(.stab.indexstr)

.comment        0x00000000       0x26
 *(.comment)
 .comment       0x00000000       0x26 obj/default/chap_9.o
                                 0x27 (size before relaxing)
 .comment       0x00000000       0x27 obj/default/drv.o
 .comment       0x00000000       0x27 obj/default/hal.o
 .comment       0x00000000       0x27 obj/default/isr.o
 .comment       0x00000000       0x27 obj/default/main.o
 .comment       0x00000000       0x27 obj/default/usb_irq.o
 .comment       0x00000000       0x27 d:/altera/11.0sp1/nios2eds/bin/gnu/h-i686-mingw32/bin/../lib/gcc/nios2-elf/4.1.2/../../../../nios2-elf/lib\libc.a(lib_a-impure.o)
 .comment       0x00000000       0x27 d:/altera/11.0sp1/nios2eds/bin/gnu/h-i686-mingw32/bin/../lib/gcc/nios2-elf/4.1.2/../../../../nios2-elf/lib\libc.a(lib_a-printf.o)
 .comment       0x00000000       0x27 d:/altera/11.0sp1/nios2eds/bin/gnu/h-i686-mingw32/bin/../lib/gcc/nios2-elf/4.1.2/../../../../nios2-elf/lib\libc.a(lib_a-putc.o)
 .comment       0x00000000       0x27 d:/altera/11.0sp1/nios2eds/bin/gnu/h-i686-mingw32/bin/../lib/gcc/nios2-elf/4.1.2/../../../../nios2-elf/lib\libc.a(lib_a-putchar.o)
 .comment       0x00000000       0x27 d:/altera/11.0sp1/nios2eds/bin/gnu/h-i686-mingw32/bin/../lib/gcc/nios2-elf/4.1.2/../../../../nios2-elf/lib\libc.a(lib_a-puts.o)
 .comment       0x00000000       0x27 d:/altera/11.0sp1/nios2eds/bin/gnu/h-i686-mingw32/bin/../lib/gcc/nios2-elf/4.1.2/../../../../nios2-elf/lib\libc.a(lib_a-strlen.o)
 .comment       0x00000000       0x27 d:/altera/11.0sp1/nios2eds/bin/gnu/h-i686-mingw32/bin/../lib/gcc/nios2-elf/4.1.2/../../../../nios2-elf/lib\libc.a(lib_a-vfprintf.o)
 .comment       0x00000000       0x27 d:/altera/11.0sp1/nios2eds/bin/gnu/h-i686-mingw32/bin/../lib/gcc/nios2-elf/4.1.2/../../../../nios2-elf/lib\libc.a(lib_a-wbuf.o)
 .comment       0x00000000       0x27 d:/altera/11.0sp1/nios2eds/bin/gnu/h-i686-mingw32/bin/../lib/gcc/nios2-elf/4.1.2/../../../../nios2-elf/lib\libc.a(lib_a-wsetup.o)
 .comment       0x00000000       0x27 d:/altera/11.0sp1/nios2eds/bin/gnu/h-i686-mingw32/bin/../lib/gcc/nios2-elf/4.1.2/../../../../nios2-elf/lib\libc.a(lib_a-dtoa.o)
 .comment       0x00000000       0x27 d:/altera/11.0sp1/nios2eds/bin/gnu/h-i686-mingw32/bin/../lib/gcc/nios2-elf/4.1.2/../../../../nios2-elf/lib\libc.a(lib_a-fflush.o)
 .comment       0x00000000       0x27 d:/altera/11.0sp1/nios2eds/bin/gnu/h-i686-mingw32/bin/../lib/gcc/nios2-elf/4.1.2/../../../../nios2-elf/lib\libc.a(lib_a-findfp.o)
 .comment       0x00000000       0x27 d:/altera/11.0sp1/nios2eds/bin/gnu/h-i686-mingw32/bin/../lib/gcc/nios2-elf/4.1.2/../../../../nios2-elf/lib\libc.a(lib_a-freer.o)
 .comment       0x00000000       0x27 d:/altera/11.0sp1/nios2eds/bin/gnu/h-i686-mingw32/bin/../lib/gcc/nios2-elf/4.1.2/../../../../nios2-elf/lib\libc.a(lib_a-fvwrite.o)
 .comment       0x00000000       0x27 d:/altera/11.0sp1/nios2eds/bin/gnu/h-i686-mingw32/bin/../lib/gcc/nios2-elf/4.1.2/../../../../nios2-elf/lib\libc.a(lib_a-fwalk.o)
 .comment       0x00000000       0x27 d:/altera/11.0sp1/nios2eds/bin/gnu/h-i686-mingw32/bin/../lib/gcc/nios2-elf/4.1.2/../../../../nios2-elf/lib\libc.a(lib_a-locale.o)
 .comment       0x00000000       0x27 d:/altera/11.0sp1/nios2eds/bin/gnu/h-i686-mingw32/bin/../lib/gcc/nios2-elf/4.1.2/../../../../nios2-elf/lib\libc.a(lib_a-makebuf.o)
 .comment       0x00000000       0x27 d:/altera/11.0sp1/nios2eds/bin/gnu/h-i686-mingw32/bin/../lib/gcc/nios2-elf/4.1.2/../../../../nios2-elf/lib\libc.a(lib_a-mallocr.o)
 .comment       0x00000000       0x27 d:/altera/11.0sp1/nios2eds/bin/gnu/h-i686-mingw32/bin/../lib/gcc/nios2-elf/4.1.2/../../../../nios2-elf/lib\libc.a(lib_a-memchr.o)
 .comment       0x00000000       0x27 d:/altera/11.0sp1/nios2eds/bin/gnu/h-i686-mingw32/bin/../lib/gcc/nios2-elf/4.1.2/../../../../nios2-elf/lib\libc.a(lib_a-memcpy.o)
 .comment       0x00000000       0x27 d:/altera/11.0sp1/nios2eds/bin/gnu/h-i686-mingw32/bin/../lib/gcc/nios2-elf/4.1.2/../../../../nios2-elf/lib\libc.a(lib_a-memmove.o)
 .comment       0x00000000       0x27 d:/altera/11.0sp1/nios2eds/bin/gnu/h-i686-mingw32/bin/../lib/gcc/nios2-elf/4.1.2/../../../../nios2-elf/lib\libc.a(lib_a-memset.o)
 .comment       0x00000000       0x27 d:/altera/11.0sp1/nios2eds/bin/gnu/h-i686-mingw32/bin/../lib/gcc/nios2-elf/4.1.2/../../../../nios2-elf/lib\libc.a(lib_a-mprec.o)
 .comment       0x00000000       0x27 d:/altera/11.0sp1/nios2eds/bin/gnu/h-i686-mingw32/bin/../lib/gcc/nios2-elf/4.1.2/../../../../nios2-elf/lib\libc.a(lib_a-reallocr.o)
 .comment       0x00000000       0x27 d:/altera/11.0sp1/nios2eds/bin/gnu/h-i686-mingw32/bin/../lib/gcc/nios2-elf/4.1.2/../../../../nios2-elf/lib\libc.a(lib_a-s_isinfd.o)
 .comment       0x00000000       0x27 d:/altera/11.0sp1/nios2eds/bin/gnu/h-i686-mingw32/bin/../lib/gcc/nios2-elf/4.1.2/../../../../nios2-elf/lib\libc.a(lib_a-s_isnand.o)
 .comment       0x00000000       0x27 d:/altera/11.0sp1/nios2eds/bin/gnu/h-i686-mingw32/bin/../lib/gcc/nios2-elf/4.1.2/../../../../nios2-elf/lib\libc.a(lib_a-sbrkr.o)
 .comment       0x00000000       0x27 d:/altera/11.0sp1/nios2eds/bin/gnu/h-i686-mingw32/bin/../lib/gcc/nios2-elf/4.1.2/../../../../nios2-elf/lib\libc.a(lib_a-stdio.o)
 .comment       0x00000000       0x27 d:/altera/11.0sp1/nios2eds/bin/gnu/h-i686-mingw32/bin/../lib/gcc/nios2-elf/4.1.2/../../../../nios2-elf/lib\libc.a(lib_a-strcmp.o)
 .comment       0x00000000       0x27 d:/altera/11.0sp1/nios2eds/bin/gnu/h-i686-mingw32/bin/../lib/gcc/nios2-elf/4.1.2/../../../../nios2-elf/lib\libc.a(lib_a-writer.o)
 .comment       0x00000000       0x27 d:/altera/11.0sp1/nios2eds/bin/gnu/h-i686-mingw32/bin/../lib/gcc/nios2-elf/4.1.2/../../../../nios2-elf/lib\libc.a(lib_a-callocr.o)
 .comment       0x00000000       0x27 d:/altera/11.0sp1/nios2eds/bin/gnu/h-i686-mingw32/bin/../lib/gcc/nios2-elf/4.1.2/../../../../nios2-elf/lib\libc.a(lib_a-closer.o)
 .comment       0x00000000       0x27 d:/altera/11.0sp1/nios2eds/bin/gnu/h-i686-mingw32/bin/../lib/gcc/nios2-elf/4.1.2/../../../../nios2-elf/lib\libc.a(lib_a-fclose.o)
 .comment       0x00000000       0x27 d:/altera/11.0sp1/nios2eds/bin/gnu/h-i686-mingw32/bin/../lib/gcc/nios2-elf/4.1.2/../../../../nios2-elf/lib\libc.a(lib_a-fstatr.o)
 .comment       0x00000000       0x27 d:/altera/11.0sp1/nios2eds/bin/gnu/h-i686-mingw32/bin/../lib/gcc/nios2-elf/4.1.2/../../../../nios2-elf/lib\libc.a(lib_a-int_errno.o)
 .comment       0x00000000       0x27 d:/altera/11.0sp1/nios2eds/bin/gnu/h-i686-mingw32/bin/../lib/gcc/nios2-elf/4.1.2/../../../../nios2-elf/lib\libc.a(lib_a-isattyr.o)
 .comment       0x00000000       0x27 d:/altera/11.0sp1/nios2eds/bin/gnu/h-i686-mingw32/bin/../lib/gcc/nios2-elf/4.1.2/../../../../nios2-elf/lib\libc.a(lib_a-lseekr.o)
 .comment       0x00000000       0x27 d:/altera/11.0sp1/nios2eds/bin/gnu/h-i686-mingw32/bin/../lib/gcc/nios2-elf/4.1.2/../../../../nios2-elf/lib\libc.a(lib_a-readr.o)
 .comment       0x00000000       0x27 d:/altera/11.0sp1/nios2eds/bin/gnu/h-i686-mingw32/bin/../lib/gcc/nios2-elf/4.1.2\libgcc.a(_udivdi3.o)
 .comment       0x00000000       0x27 d:/altera/11.0sp1/nios2eds/bin/gnu/h-i686-mingw32/bin/../lib/gcc/nios2-elf/4.1.2\libgcc.a(_umoddi3.o)
 .comment       0x00000000       0x27 d:/altera/11.0sp1/nios2eds/bin/gnu/h-i686-mingw32/bin/../lib/gcc/nios2-elf/4.1.2\libgcc.a(_addsub_df.o)
 .comment       0x00000000       0x27 d:/altera/11.0sp1/nios2eds/bin/gnu/h-i686-mingw32/bin/../lib/gcc/nios2-elf/4.1.2\libgcc.a(_mul_df.o)
 .comment       0x00000000       0x27 d:/altera/11.0sp1/nios2eds/bin/gnu/h-i686-mingw32/bin/../lib/gcc/nios2-elf/4.1.2\libgcc.a(_div_df.o)
 .comment       0x00000000       0x27 d:/altera/11.0sp1/nios2eds/bin/gnu/h-i686-mingw32/bin/../lib/gcc/nios2-elf/4.1.2\libgcc.a(_eq_df.o)
 .comment       0x00000000       0x27 d:/altera/11.0sp1/nios2eds/bin/gnu/h-i686-mingw32/bin/../lib/gcc/nios2-elf/4.1.2\libgcc.a(_ne_df.o)
 .comment       0x00000000       0x27 d:/altera/11.0sp1/nios2eds/bin/gnu/h-i686-mingw32/bin/../lib/gcc/nios2-elf/4.1.2\libgcc.a(_gt_df.o)
 .comment       0x00000000       0x27 d:/altera/11.0sp1/nios2eds/bin/gnu/h-i686-mingw32/bin/../lib/gcc/nios2-elf/4.1.2\libgcc.a(_ge_df.o)
 .comment       0x00000000       0x27 d:/altera/11.0sp1/nios2eds/bin/gnu/h-i686-mingw32/bin/../lib/gcc/nios2-elf/4.1.2\libgcc.a(_lt_df.o)
 .comment       0x00000000       0x27 d:/altera/11.0sp1/nios2eds/bin/gnu/h-i686-mingw32/bin/../lib/gcc/nios2-elf/4.1.2\libgcc.a(_si_to_df.o)
 .comment       0x00000000       0x27 d:/altera/11.0sp1/nios2eds/bin/gnu/h-i686-mingw32/bin/../lib/gcc/nios2-elf/4.1.2\libgcc.a(_df_to_si.o)
 .comment       0x00000000       0x27 d:/altera/11.0sp1/nios2eds/bin/gnu/h-i686-mingw32/bin/../lib/gcc/nios2-elf/4.1.2\libgcc.a(_thenan_df.o)
 .comment       0x00000000       0x27 d:/altera/11.0sp1/nios2eds/bin/gnu/h-i686-mingw32/bin/../lib/gcc/nios2-elf/4.1.2\libgcc.a(_usi_to_df.o)
 .comment       0x00000000       0x27 d:/altera/11.0sp1/nios2eds/bin/gnu/h-i686-mingw32/bin/../lib/gcc/nios2-elf/4.1.2\libgcc.a(lib2-divmod.o)
 .comment       0x00000000       0x27 d:/altera/11.0sp1/nios2eds/bin/gnu/h-i686-mingw32/bin/../lib/gcc/nios2-elf/4.1.2\libgcc.a(_muldi3.o)
 .comment       0x00000000       0x27 d:/altera/11.0sp1/nios2eds/bin/gnu/h-i686-mingw32/bin/../lib/gcc/nios2-elf/4.1.2\libgcc.a(_clz.o)
 .comment       0x00000000       0x27 d:/altera/11.0sp1/nios2eds/bin/gnu/h-i686-mingw32/bin/../lib/gcc/nios2-elf/4.1.2\libgcc.a(_clzsi2.o)
 .comment       0x00000000       0x27 d:/altera/11.0sp1/nios2eds/bin/gnu/h-i686-mingw32/bin/../lib/gcc/nios2-elf/4.1.2\libgcc.a(_pack_df.o)
 .comment       0x00000000       0x27 d:/altera/11.0sp1/nios2eds/bin/gnu/h-i686-mingw32/bin/../lib/gcc/nios2-elf/4.1.2\libgcc.a(_unpack_df.o)
 .comment       0x00000000       0x27 d:/altera/11.0sp1/nios2eds/bin/gnu/h-i686-mingw32/bin/../lib/gcc/nios2-elf/4.1.2\libgcc.a(_fpcmp_parts_df.o)
 .comment       0x00000000       0x27 ../isp_bsp/\libhal_bsp.a(alt_close.o)
 .comment       0x00000000       0x27 ../isp_bsp/\libhal_bsp.a(alt_dev.o)
 .comment       0x00000000       0x27 ../isp_bsp/\libhal_bsp.a(alt_errno.o)
 .comment       0x00000000       0x27 ../isp_bsp/\libhal_bsp.a(alt_fstat.o)
 .comment       0x00000000       0x27 ../isp_bsp/\libhal_bsp.a(alt_irq_register.o)
 .comment       0x00000000       0x27 ../isp_bsp/\libhal_bsp.a(alt_irq_vars.o)
 .comment       0x00000000       0x27 ../isp_bsp/\libhal_bsp.a(alt_isatty.o)
 .comment       0x00000000       0x27 ../isp_bsp/\libhal_bsp.a(alt_lseek.o)
 .comment       0x00000000       0x27 ../isp_bsp/\libhal_bsp.a(alt_main.o)
 .comment       0x00000000       0x27 ../isp_bsp/\libhal_bsp.a(alt_malloc_lock.o)
 .comment       0x00000000       0x27 ../isp_bsp/\libhal_bsp.a(alt_read.o)
 .comment       0x00000000       0x27 ../isp_bsp/\libhal_bsp.a(alt_release_fd.o)
 .comment       0x00000000       0x27 ../isp_bsp/\libhal_bsp.a(alt_sbrk.o)
 .comment       0x00000000       0x27 ../isp_bsp/\libhal_bsp.a(alt_usleep.o)
 .comment       0x00000000       0x27 ../isp_bsp/\libhal_bsp.a(alt_write.o)
 .comment       0x00000000       0x27 ../isp_bsp/\libhal_bsp.a(alt_sys_init.o)
 .comment       0x00000000       0x27 ../isp_bsp/\libhal_bsp.a(altera_avalon_cfi_flash.o)
 .comment       0x00000000       0x27 ../isp_bsp/\libhal_bsp.a(altera_avalon_cfi_flash_table.o)
 .comment       0x00000000       0x27 ../isp_bsp/\libhal_bsp.a(altera_avalon_epcs_flash_controller.o)
 .comment       0x00000000       0x27 ../isp_bsp/\libhal_bsp.a(altera_avalon_jtag_uart_fd.o)